Component: ARM Compiler 6.14 Tool: armlink [5db06800]

==============================================================================

Section Cross References

    ANO.o(.text.ANO_DT_send_int16byte16) refers to ANO.o(.bss.data_to_send) for data_to_send
    ANO.o(.ARM.exidx.text.ANO_DT_send_int16byte16) refers to ANO.o(.text.ANO_DT_send_int16byte16) for [Anonymous Symbol]
    Back_Wheel.o(.text.Motor_L_Control_Change_Integral) refers to fflti.o(.text) for __aeabi_i2f
    Back_Wheel.o(.text.Motor_L_Control_Change_Integral) refers to fadd.o(.text) for __aeabi_fsub
    Back_Wheel.o(.text.Motor_L_Control_Change_Integral) refers to f2d.o(.text) for __aeabi_f2d
    Back_Wheel.o(.text.Motor_L_Control_Change_Integral) refers to QMath.o(.text.Fabs) for Fabs
    Back_Wheel.o(.text.Motor_L_Control_Change_Integral) refers to fmul.o(.text) for __aeabi_fmul
    Back_Wheel.o(.text.Motor_L_Control_Change_Integral) refers to QMath.o(.text.FExp) for FExp
    Back_Wheel.o(.text.Motor_L_Control_Change_Integral) refers to ddiv.o(.text) for __aeabi_ddiv
    Back_Wheel.o(.text.Motor_L_Control_Change_Integral) refers to dadd.o(.text) for __aeabi_dsub
    Back_Wheel.o(.text.Motor_L_Control_Change_Integral) refers to dmul.o(.text) for __aeabi_dmul
    Back_Wheel.o(.text.Motor_L_Control_Change_Integral) refers to d2f.o(.text) for __aeabi_d2f
    Back_Wheel.o(.text.Motor_L_Control_Change_Integral) refers to fcmple.o(.text) for __aeabi_fcmple
    Back_Wheel.o(.text.Motor_L_Control_Change_Integral) refers to fcmpgt.o(.text) for __aeabi_fcmpgt
    Back_Wheel.o(.text.Motor_L_Control_Change_Integral) refers to fcmpge.o(.text) for __aeabi_fcmpge
    Back_Wheel.o(.text.Motor_L_Control_Change_Integral) refers to fcmplt.o(.text) for __aeabi_fcmplt
    Back_Wheel.o(.text.Motor_L_Control_Change_Integral) refers to Back_Wheel.o(.bss.Motor_L_Control_Change_Integral.lasterror) for Motor_L_Control_Change_Integral.lasterror
    Back_Wheel.o(.text.Motor_L_Control_Change_Integral) refers to Back_Wheel.o(.bss.Motor_L_Control_Change_Integral.preerror) for Motor_L_Control_Change_Integral.preerror
    Back_Wheel.o(.ARM.exidx.text.Motor_L_Control_Change_Integral) refers to Back_Wheel.o(.text.Motor_L_Control_Change_Integral) for [Anonymous Symbol]
    Back_Wheel.o(.text.Motor_R_Control_Change_Integral) refers to fflti.o(.text) for __aeabi_i2f
    Back_Wheel.o(.text.Motor_R_Control_Change_Integral) refers to fadd.o(.text) for __aeabi_fsub
    Back_Wheel.o(.text.Motor_R_Control_Change_Integral) refers to f2d.o(.text) for __aeabi_f2d
    Back_Wheel.o(.text.Motor_R_Control_Change_Integral) refers to QMath.o(.text.Fabs) for Fabs
    Back_Wheel.o(.text.Motor_R_Control_Change_Integral) refers to fmul.o(.text) for __aeabi_fmul
    Back_Wheel.o(.text.Motor_R_Control_Change_Integral) refers to QMath.o(.text.FExp) for FExp
    Back_Wheel.o(.text.Motor_R_Control_Change_Integral) refers to ddiv.o(.text) for __aeabi_ddiv
    Back_Wheel.o(.text.Motor_R_Control_Change_Integral) refers to dadd.o(.text) for __aeabi_dsub
    Back_Wheel.o(.text.Motor_R_Control_Change_Integral) refers to dmul.o(.text) for __aeabi_dmul
    Back_Wheel.o(.text.Motor_R_Control_Change_Integral) refers to d2f.o(.text) for __aeabi_d2f
    Back_Wheel.o(.text.Motor_R_Control_Change_Integral) refers to fcmple.o(.text) for __aeabi_fcmple
    Back_Wheel.o(.text.Motor_R_Control_Change_Integral) refers to fcmpgt.o(.text) for __aeabi_fcmpgt
    Back_Wheel.o(.text.Motor_R_Control_Change_Integral) refers to fcmpge.o(.text) for __aeabi_fcmpge
    Back_Wheel.o(.text.Motor_R_Control_Change_Integral) refers to fcmplt.o(.text) for __aeabi_fcmplt
    Back_Wheel.o(.text.Motor_R_Control_Change_Integral) refers to Back_Wheel.o(.bss.Motor_R_Control_Change_Integral.lasterror) for Motor_R_Control_Change_Integral.lasterror
    Back_Wheel.o(.text.Motor_R_Control_Change_Integral) refers to Back_Wheel.o(.bss.Motor_R_Control_Change_Integral.preerror) for Motor_R_Control_Change_Integral.preerror
    Back_Wheel.o(.ARM.exidx.text.Motor_R_Control_Change_Integral) refers to Back_Wheel.o(.text.Motor_R_Control_Change_Integral) for [Anonymous Symbol]
    Back_Wheel.o(.text.Motor_L_Control) refers to fflti.o(.text) for __aeabi_i2f
    Back_Wheel.o(.text.Motor_L_Control) refers to fadd.o(.text) for __aeabi_fsub
    Back_Wheel.o(.text.Motor_L_Control) refers to fcmple.o(.text) for __aeabi_fcmple
    Back_Wheel.o(.text.Motor_L_Control) refers to fcmpgt.o(.text) for __aeabi_fcmpgt
    Back_Wheel.o(.text.Motor_L_Control) refers to Back_Wheel.o(.bss.Motor_L_Control.lasterror) for Motor_L_Control.lasterror
    Back_Wheel.o(.text.Motor_L_Control) refers to f2d.o(.text) for __aeabi_f2d
    Back_Wheel.o(.text.Motor_L_Control) refers to ddiv.o(.text) for __aeabi_ddiv
    Back_Wheel.o(.text.Motor_L_Control) refers to d2f.o(.text) for __aeabi_d2f
    Back_Wheel.o(.text.Motor_L_Control) refers to fcmpge.o(.text) for __aeabi_fcmpge
    Back_Wheel.o(.text.Motor_L_Control) refers to fcmplt.o(.text) for __aeabi_fcmplt
[...]
    [Anonymous Symbol]                       0x08004304   Section        0  zf_common_fifo.o(.text.fifo_end_offset)
    fifo_head_offset                         0x08004335   Thumb Code    46  zf_common_fifo.o(.text.fifo_head_offset)
    [Anonymous Symbol]                       0x08004334   Section        0  zf_common_fifo.o(.text.fifo_head_offset)
    [Anonymous Symbol]                       0x08004364   Section        0  zf_common_fifo.o(.text.fifo_init)
    [Anonymous Symbol]                       0x080043d4   Section        0  zf_common_fifo.o(.text.fifo_read_buffer)
    [Anonymous Symbol]                       0x080045c4   Section        0  zf_common_fifo.o(.text.fifo_used)
    [Anonymous Symbol]                       0x080045ec   Section        0  zf_common_fifo.o(.text.fifo_write_buffer)
    [Anonymous Symbol]                       0x080047e8   Section        0  zf_driver_fsmc.o(.text.fsmc_ips200_init)
    [Anonymous Symbol]                       0x08004844   Section        0  zf_common_function.o(.text.func_get_greatest_common_divisor)
    [Anonymous Symbol]                       0x08004888   Section        0  zf_driver_gpio.o(.text.gpio_get_level)
    [Anonymous Symbol]                       0x080048b8   Section        0  zf_driver_gpio.o(.text.gpio_init)
    [Anonymous Symbol]                       0x08004aa0   Section        0  zf_driver_gpio.o(.text.gpio_set_level)
    [Anonymous Symbol]                       0x08004b04   Section        0  zf_device_gps_tau1201.o(.text.gps_uart_callback)
    [Anonymous Symbol]                       0x08004c3c   Section        0  zf_common_interrupt.o(.text.interrupt_disable)
    [Anonymous Symbol]                       0x08004c50   Section        0  zf_common_interrupt.o(.text.interrupt_enable)
    [Anonymous Symbol]                       0x08004c64   Section        0  zf_common_interrupt.o(.text.interrupt_global_disable)
    [Anonymous Symbol]                       0x08004c88   Section        0  zf_common_interrupt.o(.text.interrupt_init)
    [Anonymous Symbol]                       0x08004c94   Section        0  zf_common_interrupt.o(.text.interrupt_set_priority)
    [Anonymous Symbol]                       0x08004cb0   Section        0  zf_device_ips200.o(.text.ips200_clear)
    ips200_debug_init                        0x08004d85   Thumb Code   138  zf_device_ips200.o(.text.ips200_debug_init)
    [Anonymous Symbol]                       0x08004d84   Section        0  zf_device_ips200.o(.text.ips200_debug_init)
    [Anonymous Symbol]                       0x08004e10   Section        0  zf_device_ips200.o(.text.ips200_init)
    [Anonymous Symbol]                       0x08005264   Section        0  zf_device_ips200.o(.text.ips200_set_color)
    [Anonymous Symbol]                       0x08005290   Section        0  zf_device_ips200.o(.text.ips200_set_dir)
    ips200_set_region                        0x080052ed   Thumb Code   196  zf_device_ips200.o(.text.ips200_set_region)
    [Anonymous Symbol]                       0x080052ec   Section        0  zf_device_ips200.o(.text.ips200_set_region)
    [Anonymous Symbol]                       0x080053b0   Section        0  zf_device_ips200.o(.text.ips200_show_char)
    [Anonymous Symbol]                       0x08005654   Section        0  zf_device_ips200.o(.text.ips200_show_string)
    ips200_write_16bit_data                  0x0800573d   Thumb Code   110  zf_device_ips200.o(.text.ips200_write_16bit_data)
    [Anonymous Symbol]                       0x0800573c   Section        0  zf_device_ips200.o(.text.ips200_write_16bit_data)
    ips200_write_8bit_data                   0x080057ad   Thumb Code    80  zf_device_ips200.o(.text.ips200_write_8bit_data)
    [Anonymous Symbol]                       0x080057ac   Section        0  zf_device_ips200.o(.text.ips200_write_8bit_data)
    ips200_write_command                     0x080057fd   Thumb Code   112  zf_device_ips200.o(.text.ips200_write_command)
    [Anonymous Symbol]                       0x080057fc   Section        0  zf_device_ips200.o(.text.ips200_write_command)
    ips200_write_data                        0x0800586d   Thumb Code    24  zf_device_ips200.o(.text.ips200_write_data)
    [Anonymous Symbol]                       0x0800586c   Section        0  zf_device_ips200.o(.text.ips200_write_data)
    [Anonymous Symbol]                       0x08005884   Section        0  main.o(.text.main)
    [Anonymous Symbol]                       0x080058c8   Section        0  zf_driver_pit.o(.text.pit_init)
    [Anonymous Symbol]                       0x080059fc   Section        0  zf_driver_pwm.o(.text.pwm_init)
    [Anonymous Symbol]                       0x08005c54   Section        0  zf_driver_pwm.o(.text.pwm_set_duty)
    [Anonymous Symbol]                       0x08005d84   Section        0  zf_device_type.o(.text.set_wireless_type)
    [Anonymous Symbol]                       0x08005dc4   Section        0  zf_driver_spi.o(.text.spi_init)
    [Anonymous Symbol]                       0x0800612c   Section        0  zf_driver_spi.o(.text.spi_write_16bit)
    [Anonymous Symbol]                       0x080061e4   Section        0  zf_driver_spi.o(.text.spi_write_8bit)
    [Anonymous Symbol]                       0x0800626c   Section        0  zf_driver_delay.o(.text.system_delay)
    [Anonymous Symbol]                       0x080062e8   Section        0  zf_driver_timer.o(.text.timer_clock_enable)
    [Anonymous Symbol]                       0x080063a0   Section        0  zf_driver_timer.o(.text.timer_funciton_check)
    [Anonymous Symbol]                       0x08006408   Section        0  zf_device_tsl1401.o(.text.tsl1401_collect_pit_handler)
    type_default_callback                    0x080064e9   Thumb Code     2  zf_device_type.o(.text.type_default_callback)
    [Anonymous Symbol]                       0x080064e8   Section        0  zf_device_type.o(.text.type_default_callback)
    [Anonymous Symbol]                       0x080064ec   Section        0  zf_driver_uart.o(.text.uart_init)
    [Anonymous Symbol]                       0x08006778   Section        0  zf_driver_uart.o(.text.uart_query_byte)
    [Anonymous Symbol]                       0x080067e0   Section        0  zf_driver_uart.o(.text.uart_rx_interrupt)
    [Anonymous Symbol]                       0x08006880   Section        0  zf_driver_uart.o(.text.uart_write_byte)
    [Anonymous Symbol]                       0x080068c0   Section        0  zf_driver_uart.o(.text.uart_write_string)
    [Anonymous Symbol]                       0x08006900   Section        0  zf_device_wireless_uart.o(.text.wireless_uart_callback)
    [Anonymous Symbol]                       0x08006928   Section        0  zf_device_wireless_uart.o(.text.wireless_uart_init)
    [Anonymous Symbol]                       0x0800698c   Section        0  imagpro.o(.text.wusuowei)
    i.__0sprintf                             0x080071c8   Section        0  printfa.o(i.__0sprintf)
    i.__scatterload_copy                     0x080071f0   Section       14  handlers.o(i.__scatterload_copy)
    i.__scatterload_null                     0x080071fe   Section        2  handlers.o(i.__scatterload_null)
    i.__scatterload_zeroinit                 0x08007200   Section       14  handlers.o(i.__scatterload_zeroinit)
    _fp_digits                               0x08007211   Thumb Code   366  printfa.o(i._fp_digits)
    i._fp_digits                             0x08007210   Section        0  printfa.o(i._fp_digits)
    _printf_core                             0x08007395   Thumb Code  1744  printfa.o(i._printf_core)
    i._printf_core                           0x08007394   Section        0  printfa.o(i._printf_core)
    _printf_post_padding                     0x08007a71   Thumb Code    36  printfa.o(i._printf_post_padding)
    i._printf_post_padding                   0x08007a70   Section        0  printfa.o(i._printf_post_padding)
    _printf_pre_padding                      0x08007a95   Thumb Code    46  printfa.o(i._printf_pre_padding)
    i._printf_pre_padding                    0x08007a94   Section        0  printfa.o(i._printf_pre_padding)
    _sputc                                   0x08007ac3   Thumb Code    10  printfa.o(i._sputc)
    i._sputc                                 0x08007ac2   Section        0  printfa.o(i._sputc)
    .L__const.debug_protective_handler.pin_list 0x08007acc   Data         172  zf_common_debug.o(.rodata..L__const.debug_protective_handler.pin_list)
    _DoInit._aInitStr                        0x08007b8c   Data          17  SEGGER_RTT.o(.rodata._DoInit._aInitStr)
    [Anonymous Symbol]                       0x08007b8c   Section        0  SEGGER_RTT.o(.rodata._DoInit._aInitStr)
    .L__const.wusuowei.t_SeedL               0x080083ce   Data           4  imagpro.o(.rodata.cst4)
    .L__const.wusuowei.t_SeedR               0x080083d2   Data           4  imagpro.o(.rodata.cst4)
    .L.str.6                                 0x080083d6   Data          21  zf_common_debug.o(.rodata.str1.1)
    [Anonymous Symbol]                       0x080083d6   Section        0  zf_common_debug.o(.rodata.str1.1)
    .L.str.1                                 0x080083e3   Data          12  zf_common_debug.o(.rodata.str1.1)
    .L.str.5                                 0x080083eb   Data          25  zf_common_debug.o(.rodata.str1.1)
    .L.str.4                                 0x08008404   Data           9  zf_common_debug.o(.rodata.str1.1)
    .L.str                                   0x0800840d   Data          13  zf_common_debug.o(.rodata.str1.1)
    .L.str.2                                 0x0800841a   Data           9  zf_common_debug.o(.rodata.str1.1)
    .L.str.3                                 0x08008423   Data          13  zf_common_debug.o(.rodata.str1.1)
    .L.str                                   0x08008430   Data         116  zf_driver_encoder.o(.rodata.str1.1)
    [Anonymous Symbol]                       0x08008430   Section        0  zf_driver_encoder.o(.rodata.str1.1)
    .L.str                                   0x080084a4   Data         112  zf_driver_pit.o(.rodata.str1.1)
    [Anonymous Symbol]                       0x080084a4   Section        0  zf_driver_pit.o(.rodata.str1.1)
    .L.str                                   0x08008514   Data         112  zf_driver_pwm.o(.rodata.str1.1)
    [Anonymous Symbol]                       0x08008514   Section        0  zf_driver_pwm.o(.rodata.str1.1)
    .L.str.1                                 0x08008584   Data           4  zf_device_gps_tau1201.o(.rodata.str1.1)
    [Anonymous Symbol]                       0x08008584   Section        0  zf_device_gps_tau1201.o(.rodata.str1.1)
    .L.str                                   0x08008588   Data           4  zf_device_gps_tau1201.o(.rodata.str1.1)
    .L.str                                   0x0800858c   Data         115  zf_device_ips200.o(.rodata.str1.1)
    [Anonymous Symbol]                       0x0800858c   Section        0  zf_device_ips200.o(.rodata.str1.1)
    .L.str                                   0x080085ff   Data           9  SEGGER_RTT.o(.rodata.str1.1)
    [Anonymous Symbol]                       0x080085ff   Section        0  SEGGER_RTT.o(.rodata.str1.1)
    .L.str                                   0x08008608   Data         113  zf_common_fifo.o(.rodata.str1.1)
    [Anonymous Symbol]                       0x08008608   Section        0  zf_common_fifo.o(.rodata.str1.1)
    .L.str                                   0x08008679   Data         112  zf_driver_spi.o(.rodata.str1.1)
    [Anonymous Symbol]                       0x08008679   Section        0  zf_driver_spi.o(.rodata.str1.1)
    .L.str                                   0x080086e9   Data         113  zf_driver_uart.o(.rodata.str1.1)
    [Anonymous Symbol]                       0x080086e9   Section        0  zf_driver_uart.o(.rodata.str1.1)
    adc_index                                0x2000b040   Data          12  zf_driver_adc.o(.data.adc_index)
    [Anonymous Symbol]                       0x2000b040   Section        0  zf_driver_adc.o(.data.adc_index)
    encoder_dir_pin                          0x2000b058   Data           8  zf_driver_encoder.o(.data.encoder_dir_pin)
    [Anonymous Symbol]                       0x2000b058   Section        0  zf_driver_encoder.o(.data.encoder_dir_pin)
    ips200_bgcolor                           0x2000b080   Data           2  zf_device_ips200.o(.data.ips200_bgcolor)
    [Anonymous Symbol]                       0x2000b080   Section        0  zf_device_ips200.o(.data.ips200_bgcolor)
    ips200_display_font                      0x2000b082   Data           1  zf_device_ips200.o(.data.ips200_display_font)
    [Anonymous Symbol]                       0x2000b082   Section        0  zf_device_ips200.o(.data.ips200_display_font)
    ips200_pencolor                          0x2000b084   Data           2  zf_device_ips200.o(.data.ips200_pencolor)
    [Anonymous Symbol]                       0x2000b084   Section        0  zf_device_ips200.o(.data.ips200_pencolor)
    ips200_x_max                             0x2000b086   Data           2  zf_device_ips200.o(.data.ips200_x_max)
    [Anonymous Symbol]                       0x2000b086   Section        0  zf_device_ips200.o(.data.ips200_x_max)
    ips200_y_max                             0x2000b088   Data           2  zf_device_ips200.o(.data.ips200_y_max)
    [Anonymous Symbol]                       0x2000b088   Section        0  zf_device_ips200.o(.data.ips200_y_max)
    ips_bl_pin                               0x2000b08a   Data           1  zf_device_ips200.o(.data.ips_bl_pin)
    [Anonymous Symbol]                       0x2000b08a   Section        0  zf_device_ips200.o(.data.ips_bl_pin)
    ips_rst_pin                              0x2000b08b   Data           1  zf_device_ips200.o(.data.ips_rst_pin)
    [Anonymous Symbol]                       0x2000b08b   Section        0  zf_device_ips200.o(.data.ips_rst_pin)
    spi_index                                0x2000b08c   Data          12  zf_driver_spi.o(.data.spi_index)
    [Anonymous Symbol]                       0x2000b08c   Section        0  zf_driver_spi.o(.data.spi_index)
    uart_index                               0x2000b09c   Data          32  zf_driver_uart.o(.data.uart_index)
    [Anonymous Symbol]                       0x2000b09c   Section        0  zf_driver_uart.o(.data.uart_index)
    uart_irq                                 0x2000b0bc   Data           8  zf_driver_uart.o(.data.uart_irq)
    [Anonymous Symbol]                       0x2000b0bc   Section        0  zf_driver_uart.o(.data.uart_irq)
    zf_debug_assert_enable                   0x2000b0c8   Data           1  zf_common_debug.o(.data.zf_debug_assert_enable)
    [Anonymous Symbol]                       0x2000b0c8   Section        0  zf_common_debug.o(.data.zf_debug_assert_enable)
    Angular_Control_PI.lasterror             0x2000b0d0   Data           4  PM_Control.o(.bss.Angular_Control_PI.lasterror)
    [Anonymous Symbol]                       0x2000b0d0   Section        0  PM_Control.o(.bss.Angular_Control_PI.lasterror)
    Angular_Control_PI.preerror              0x2000b0d4   Data           4  PM_Control.o(.bss.Angular_Control_PI.preerror)
    [Anonymous Symbol]                       0x2000b0d4   Section        0  PM_Control.o(.bss.Angular_Control_PI.preerror)
    Control.Img_LastError                    0x2000b0f8   Data           4  PM_Control.o(.bss.Control.Img_LastError)
    [Anonymous Symbol]                       0x2000b0f8   Section        0  PM_Control.o(.bss.Control.Img_LastError)
    Curvature_PD.lasterror                   0x2000b100   Data           4  PM_Control.o(.bss.Curvature_PD.lasterror)
    [Anonymous Symbol]                       0x2000b100   Section        0  PM_Control.o(.bss.Curvature_PD.lasterror)
    Motor_L_Control_Change_Integral.lasterror 0x2000b168   Data           4  Back_Wheel.o(.bss.Motor_L_Control_Change_Integral.lasterror)
    [Anonymous Symbol]                       0x2000b168   Section        0  Back_Wheel.o(.bss.Motor_L_Control_Change_Integral.lasterror)
    Motor_L_Control_Change_Integral.preerror 0x2000b16c   Data           4  Back_Wheel.o(.bss.Motor_L_Control_Change_Integral.preerror)
    [Anonymous Symbol]                       0x2000b16c   Section        0  Back_Wheel.o(.bss.Motor_L_Control_Change_Integral.preerror)
    TIM6_IRQHandler.control_num              0x2000b1f0   Data           2  isr.o(.bss.TIM6_IRQHandler.control_num)
    [Anonymous Symbol]                       0x2000b1f0   Section        0  isr.o(.bss.TIM6_IRQHandler.control_num)
    TIM6_IRQHandler.speed_control_num        0x2000b1f2   Data           2  isr.o(.bss.TIM6_IRQHandler.speed_control_num)
    [Anonymous Symbol]                       0x2000b1f2   Section        0  isr.o(.bss.TIM6_IRQHandler.speed_control_num)
    TIM6_IRQHandler.turn_control_num         0x2000b1f4   Data           2  isr.o(.bss.TIM6_IRQHandler.turn_control_num)
    [Anonymous Symbol]                       0x2000b1f4   Section        0  isr.o(.bss.TIM6_IRQHandler.turn_control_num)
    _acDownBuffer                            0x2000b2a0   Data          16  SEGGER_RTT.o(.bss._acDownBuffer)
    [Anonymous Symbol]                       0x2000b2a0   Section        0  SEGGER_RTT.o(.bss._acDownBuffer)
    _acUpBuffer                              0x2000b2b0   Data        1024  SEGGER_RTT.o(.bss._acUpBuffer)
    [Anonymous Symbol]                       0x2000b2b0   Section        0  SEGGER_RTT.o(.bss._acUpBuffer)
    adc_resolution                           0x2000b6b0   Data           3  zf_driver_adc.o(.bss.adc_resolution)
    [Anonymous Symbol]                       0x2000b6b0   Section        0  zf_driver_adc.o(.bss.adc_resolution)
    debug_assert_handler.assert_nest_index   0x2000b6b3   Data           1  zf_common_debug.o(.bss.debug_assert_handler.assert_nest_index)
    [Anonymous Symbol]                       0x2000b6b3   Section        0  zf_common_debug.o(.bss.debug_assert_handler.assert_nest_index)
    debug_output_info                        0x2000b6b4   Data          20  zf_common_debug.o(.bss.debug_output_info)
    [Anonymous Symbol]                       0x2000b6b4   Section        0  zf_common_debug.o(.bss.debug_output_info)
    gps_gga_buffer                           0x2001202c   Data         128  zf_device_gps_tau1201.o(.bss.gps_gga_buffer)
    [Anonymous Symbol]                       0x2001202c   Section        0  zf_device_gps_tau1201.o(.bss.gps_gga_buffer)
    gps_rmc_buffer                           0x200120ad   Data         128  zf_device_gps_tau1201.o(.bss.gps_rmc_buffer)
    [Anonymous Symbol]                       0x200120ad   Section        0  zf_device_gps_tau1201.o(.bss.gps_rmc_buffer)
    gps_tau1201_receiver_fifo                0x20012130   Data          24  zf_device_gps_tau1201.o(.bss.gps_tau1201_receiver_fifo)
    [Anonymous Symbol]                       0x20012130   Section        0  zf_device_gps_tau1201.o(.bss.gps_tau1201_receiver_fifo)
    gps_tau1201_state                        0x20012148   Data           1  zf_device_gps_tau1201.o(.bss.gps_tau1201_state)
    [Anonymous Symbol]                       0x20012148   Section        0  zf_device_gps_tau1201.o(.bss.gps_tau1201_state)
    interrupt_nest_count                     0x2001214c   Data           4  zf_common_interrupt.o(.bss.interrupt_nest_count)
    [Anonymous Symbol]                       0x2001214c   Section        0  zf_common_interrupt.o(.bss.interrupt_nest_count)
    ips200_display_dir                       0x20012150   Data           1  zf_device_ips200.o(.bss.ips200_display_dir)
    [Anonymous Symbol]                       0x20012150   Section        0  zf_device_ips200.o(.bss.ips200_display_dir)
    ips200_display_type                      0x20012151   Data           1  zf_device_ips200.o(.bss.ips200_display_type)
    [Anonymous Symbol]                       0x20012151   Section        0  zf_device_ips200.o(.bss.ips200_display_type)
    timer_function_state                     0x20017976   Data           8  zf_driver_timer.o(.bss.timer_function_state)
    [Anonymous Symbol]                       0x20017976   Section        0  zf_driver_timer.o(.bss.timer_function_state)
    tsl1401_init_state                       0x20017b7f   Data           1  zf_device_tsl1401.o(.bss.tsl1401_init_state)
    [Anonymous Symbol]                       0x20017b7f   Section        0  zf_device_tsl1401.o(.bss.tsl1401_init_state)
    uart_interrupt_state                     0x20017b80   Data           8  zf_driver_uart.o(.bss.uart_interrupt_state)
    [Anonymous Symbol]                       0x20017b80   Section        0  zf_driver_uart.o(.bss.uart_interrupt_state)
    wireless_uart_buffer                     0x20017b89   Data          64  zf_device_wireless_uart.o(.bss.wireless_uart_buffer)
    [Anonymous Symbol]                       0x20017b89   Section        0  zf_device_wireless_uart.o(.bss.wireless_uart_buffer)
    wireless_uart_data                       0x20017bc9   Data           1  zf_device_wireless_uart.o(.bss.wireless_uart_data)
    [Anonymous Symbol]                       0x20017bc9   Section        0  zf_device_wireless_uart.o(.bss.wireless_uart_data)
    wireless_uart_fifo                       0x20017bcc   Data          24  zf_device_wireless_uart.o(.bss.wireless_uart_fifo)
    [Anonymous Symbol]                       0x20017bcc   Section        0  zf_device_wireless_uart.o(.bss.wireless_uart_fifo)
    zf_debug_init_flag                       0x20017be4   Data           1  zf_common_debug.o(.bss.zf_debug_init_flag)
    [Anonymous Symbol]                       0x20017be4   Section        0  zf_common_debug.o(.bss.zf_debug_init_flag)
    STACK                                    0x20017be8   Section     1024  startup_mm32f327x_keil.o(STACK)

    Global Symbols

    Symbol Name                              Value     Ov Type        Size  Object(Section)

    BuildAttributes$$THM_ISAv4$P$D$K$B$S$PE$A:L22UL41UL21$X:L11$S22US41US21$IEEE1$IW$~IW$USESV6$~STKCKD$USESV7$WCHAR32$~SHL$OTIME$ROPI$IEEEX$EBA8$MICROLIB$REQ8$PRES8$EABIv2 0x00000000   Number         0  anon$$obj.o ABSOLUTE
    __cpp_initialize__aeabi_                  - Undefined Weak Reference
    __cxa_finalize                            - Undefined Weak Reference
    _clock_init                               - Undefined Weak Reference
    _microlib_exit                            - Undefined Weak Reference
    __Vectors_Size                           0x00000190   Number         0  startup_mm32f327x_keil.o ABSOLUTE
    __Vectors                                0x08000000   Data           4  startup_mm32f327x_keil.o(RESET)
    __Vectors_End                            0x08000190   Data           0  startup_mm32f327x_keil.o(RESET)
    __main                                   0x08000191   Thumb Code     0  entry.o(.ARM.Collect$$$$00000000)
    _main_stk                                0x08000191   Thumb Code     0  entry2.o(.ARM.Collect$$$$00000001)
    _main_scatterload                        0x08000195   Thumb Code     0  entry5.o(.ARM.Collect$$$$00000004)
    __main_after_scatterload                 0x08000199   Thumb Code     0  entry5.o(.ARM.Collect$$$$00000004)
    _main_clock                              0x08000199   Thumb Code     0  entry7b.o(.ARM.Collect$$$$00000008)
    _main_cpp_init                           0x08000199   Thumb Code     0  entry8b.o(.ARM.Collect$$$$0000000A)
    _main_init                               0x08000199   Thumb Code     0  entry9a.o(.ARM.Collect$$$$0000000B)
    __rt_final_cpp                           0x080001a1   Thumb Code     0  entry10a.o(.ARM.Collect$$$$0000000D)
    __rt_final_exit                          0x080001a1   Thumb Code     0  entry11a.o(.ARM.Collect$$$$0000000F)
    __aeabi_memcpy                           0x080001a5   Thumb Code    36  memcpya.o(.text)
    __aeabi_memcpy4                          0x080001a5   Thumb Code     0  memcpya.o(.text)
    __aeabi_memcpy8                          0x080001a5   Thumb Code     0  memcpya.o(.text)
    __aeabi_memset                           0x080001c9   Thumb Code    14  memseta.o(.text)
    __aeabi_memset4                          0x080001c9   Thumb Code     0  memseta.o(.text)
    __aeabi_memset8                          0x080001c9   Thumb Code     0  memseta.o(.text)
    __aeabi_memclr                           0x080001d7   Thumb Code     4  memseta.o(.text)
    __aeabi_memclr4                          0x080001d7   Thumb Code     0  memseta.o(.text)
    __aeabi_memclr8                          0x080001d7   Thumb Code     0  memseta.o(.text)
    _memset$wrapper                          0x080001db   Thumb Code    18  memseta.o(.text)
    strlen                                   0x080001ed   Thumb Code    14  strlen.o(.text)
    strncmp                                  0x080001fb   Thumb Code    30  strncmp.o(.text)
    __aeabi_fadd                             0x08000219   Thumb Code   164  fadd.o(.text)
    __aeabi_fsub                             0x080002bd   Thumb Code     6  fadd.o(.text)
    __aeabi_frsub                            0x080002c3   Thumb Code     6  fadd.o(.text)
    __aeabi_fmul                             0x080002c9   Thumb Code   100  fmul.o(.text)
    __aeabi_fdiv                             0x0800032d   Thumb Code   124  fdiv.o(.text)
    __aeabi_dadd                             0x080003a9   Thumb Code   322  dadd.o(.text)
    __aeabi_dsub                             0x080004eb   Thumb Code     6  dadd.o(.text)
    __aeabi_drsub                            0x080004f1   Thumb Code     6  dadd.o(.text)
    __aeabi_dmul                             0x080004f7   Thumb Code   228  dmul.o(.text)
    __aeabi_ddiv                             0x080005db   Thumb Code   222  ddiv.o(.text)
    __aeabi_fcmple                           0x080006b9   Thumb Code    28  fcmple.o(.text)
    __aeabi_fcmplt                           0x080006d5   Thumb Code    28  fcmplt.o(.text)
    __aeabi_fcmpge                           0x080006f1   Thumb Code    28  fcmpge.o(.text)
    __aeabi_fcmpgt                           0x0800070d   Thumb Code    28  fcmpgt.o(.text)
    __aeabi_fcmpeq                           0x08000729   Thumb Code    28  fcmpeq.o(.text)
    __aeabi_dcmpge                           0x08000745   Thumb Code    54  dcmpge.o(.text)
    __aeabi_i2f                              0x0800077b   Thumb Code    18  fflti.o(.text)
    __aeabi_ui2f                             0x0800078d   Thumb Code    10  ffltui.o(.text)
    __aeabi_i2d                              0x08000797   Thumb Code    34  dflti.o(.text)
    __aeabi_l2d                              0x080007b9   Thumb Code    40  dfltl.o(.text)
    __aeabi_f2iz                             0x080007e1   Thumb Code    50  ffixi.o(.text)
    __aeabi_f2d                              0x08000813   Thumb Code    38  f2d.o(.text)
    __aeabi_d2f                              0x08000839   Thumb Code    56  d2f.o(.text)
    Reset_Handler                            0x08000871   Thumb Code     8  startup_mm32f327x_keil.o(.text)
    NMI_Handler                              0x08000879   Thumb Code     2  startup_mm32f327x_keil.o(.text)
    HardFault_Handler                        0x0800087b   Thumb Code     2  startup_mm32f327x_keil.o(.text)
    MemManage_Handler                        0x0800087d   Thumb Code     2  startup_mm32f327x_keil.o(.text)
    BusFault_Handler                         0x0800087f   Thumb Code     2  startup_mm32f327x_keil.o(.text)
    UsageFault_Handler                       0x08000881   Thumb Code     2  startup_mm32f327x_keil.o(.text)
    SVC_Handler                              0x08000883   Thumb Code     2  startup_mm32f327x_keil.o(.text)
    DebugMon_Handler                         0x08000885   Thumb Code     2  startup_mm32f327x_keil.o(.text)
    PendSV_Handler                           0x08000887   Thumb Code     2  startup_mm32f327x_keil.o(.text)
    SysTick_Handler                          0x08000889   Thumb Code     2  startup_mm32f327x_keil.o(.text)
    ADC1_2_IRQHandler                        0x0800088b   Thumb Code     0  startup_mm32f327x_keil.o(.text)
    ADC3_IRQHandler                          0x0800088b   Thumb Code     0  startup_mm32f327x_keil.o(.text)
    CAN1_RX_IRQHandler                       0x0800088b   Thumb Code     0  startup_mm32f327x_keil.o(.text)
    COMP1_2_IRQHandler                       0x0800088b   Thumb Code     0  startup_mm32f327x_keil.o(.text)
    ETH_IRQHandler                           0x0800088b   Thumb Code     0  startup_mm32f327x_keil.o(.text)
    FLASH_IRQHandler                         0x0800088b   Thumb Code     0  startup_mm32f327x_keil.o(.text)
    FlashCache_IRQHandler                    0x0800088b   Thumb Code     0  startup_mm32f327x_keil.o(.text)
    I2C1_IRQHandler                          0x0800088b   Thumb Code     0  startup_mm32f327x_keil.o(.text)
    I2C2_IRQHandler                          0x0800088b   Thumb Code     0  startup_mm32f327x_keil.o(.text)
    OTG_FS_IRQHandler                        0x0800088b   Thumb Code     0  startup_mm32f327x_keil.o(.text)
    OTG_FS_WKUP_IRQHandler                   0x0800088b   Thumb Code     0  startup_mm32f327x_keil.o(.text)
    PVD_IRQHandler                           0x0800088b   Thumb Code     0  startup_mm32f327x_keil.o(.text)
    RCC_CRS_IRQHandler                       0x0800088b   Thumb Code     0  startup_mm32f327x_keil.o(.text)
    RTCAlarm_IRQHandler                      0x0800088b   Thumb Code     0  startup_mm32f327x_keil.o(.text)
    RTC_IRQHandler                           0x0800088b   Thumb Code     0  startup_mm32f327x_keil.o(.text)
    SDIO_IRQHandler                          0x0800088b   Thumb Code     0  startup_mm32f327x_keil.o(.text)
    SPI1_IRQHandler                          0x0800088b   Thumb Code     0  startup_mm32f327x_keil.o(.text)
    SPI2_IRQHandler                          0x0800088b   Thumb Code     0  startup_mm32f327x_keil.o(.text)
    SPI3_IRQHandler                          0x0800088b   Thumb Code     0  startup_mm32f327x_keil.o(.text)
    TAMPER_IRQHandler                        0x0800088b   Thumb Code     0  startup_mm32f327x_keil.o(.text)
    TIM1_BRK_IRQHandler                      0x0800088b   Thumb Code     0  startup_mm32f327x_keil.o(.text)
    TIM1_CC_IRQHandler                       0x0800088b   Thumb Code     0  startup_mm32f327x_keil.o(.text)
    TIM1_TRG_COM_IRQHandler                  0x0800088b   Thumb Code     0  startup_mm32f327x_keil.o(.text)
    TIM8_BRK_IRQHandler                      0x0800088b   Thumb Code     0  startup_mm32f327x_keil.o(.text)
    TIM8_CC_IRQHandler                       0x0800088b   Thumb Code     0  startup_mm32f327x_keil.o(.text)
    TIM8_TRG_COM_IRQHandler                  0x0800088b   Thumb Code     0  startup_mm32f327x_keil.o(.text)
    WWDG_IRQHandler                          0x0800088b   Thumb Code     0  startup_mm32f327x_keil.o(.text)
    __aeabi_uidiv                            0x08000895   Thumb Code     0  uidiv.o(.text)
    __aeabi_uidivmod                         0x08000895   Thumb Code    44  uidiv.o(.text)
    __aeabi_uldivmod                         0x080008c1   Thumb Code    98  uldiv.o(.text)
    __aeabi_llsl                             0x08000923   Thumb Code    30  llshl.o(.text)
    _ll_shift_l                              0x08000923   Thumb Code     0  llshl.o(.text)
    __aeabi_llsr                             0x08000941   Thumb Code    32  llushr.o(.text)
    _ll_ushift_r                             0x08000941   Thumb Code     0  llushr.o(.text)
    __aeabi_lasr                             0x08000961   Thumb Code    36  llsshr.o(.text)
    _ll_sshift_r                             0x08000961   Thumb Code     0  llsshr.o(.text)
    __I$use$fp                               0x08000985   Thumb Code     0  iusefp.o(.text)
    _float_round                             0x08000985   Thumb Code    18  fepilogue.o(.text)
    _float_epilogue                          0x08000997   Thumb Code    92  fepilogue.o(.text)
    _double_round                            0x080009f3   Thumb Code    30  depilogue.o(.text)
    _double_epilogue                         0x08000a11   Thumb Code   156  depilogue.o(.text)
    __aeabi_d2ulz                            0x08000aad   Thumb Code    48  dfixul.o(.text)
    __aeabi_cdrcmple                         0x08000add   Thumb Code    48  cdrcmple.o(.text)
    __scatterload                            0x08000b0d   Thumb Code    28  init.o(.text)
    __scatterload_rt2                        0x08000b0d   Thumb Code     0  init.o(.text)
    __decompress                             0x08000b31   Thumb Code     0  __dclz77c.o(.text)
    __decompress2                            0x08000b31   Thumb Code    94  __dclz77c.o(.text)
    Angular_Control_PI                       0x08000b91   Thumb Code   526  PM_Control.o(.text.Angular_Control_PI)
    Angular_Para_Init                        0x08000da1   Thumb Code    48  Initall.o(.text.Angular_Para_Init)
    Back_Wheel_Out                           0x08000dd1   Thumb Code   130  Back_Wheel.o(.text.Back_Wheel_Out)
    BorderLineReCoor                         0x08000e55   Thumb Code   128  imagpro.o(.text.BorderLineReCoor)
    BorderWidth_Calc                         0x08000ed5   Thumb Code   426  imagpro.o(.text.BorderWidth_Calc)
    Control                                  0x08001081   Thumb Code   634  PM_Control.o(.text.Control)
    Curvature_PD                             0x080012fd   Thumb Code   220  PM_Control.o(.text.Curvature_PD)
    Curvature_Para_Init                      0x080013d9   Thumb Code    40  Initall.o(.text.Curvature_Para_Init)
    DATA_INIT                                0x08001401   Thumb Code    24  Initall.o(.text.DATA_INIT)
    DMA1_Channel1_IRQHandler                 0x08001419   Thumb Code    34  isr.o(.text.DMA1_Channel1_IRQHandler)
    DMA1_Channel2_IRQHandler                 0x0800143d   Thumb Code    34  isr.o(.text.DMA1_Channel2_IRQHandler)
    DMA1_Channel3_IRQHandler                 0x08001461   Thumb Code    34  isr.o(.text.DMA1_Channel3_IRQHandler)
    DMA1_Channel4_IRQHandler                 0x08001485   Thumb Code    48  isr.o(.text.DMA1_Channel4_IRQHandler)
    DMA1_Channel5_IRQHandler                 0x080014b5   Thumb Code    34  isr.o(.text.DMA1_Channel5_IRQHandler)
    DMA1_Channel6_IRQHandler                 0x080014d9   Thumb Code    34  isr.o(.text.DMA1_Channel6_IRQHandler)
    DMA1_Channel7_IRQHandler                 0x080014fd   Thumb Code    34  isr.o(.text.DMA1_Channel7_IRQHandler)
    DMA2_Channel1_IRQHandler                 0x08001521   Thumb Code    38  isr.o(.text.DMA2_Channel1_IRQHandler)
    DMA2_Channel2_IRQHandler                 0x08001549   Thumb Code    38  isr.o(.text.DMA2_Channel2_IRQHandler)
    DMA2_Channel3_IRQHandler                 0x08001571   Thumb Code    38  isr.o(.text.DMA2_Channel3_IRQHandler)
    DMA2_Channel4_IRQHandler                 0x08001599   Thumb Code    38  isr.o(.text.DMA2_Channel4_IRQHandler)
    DMA2_Channel5_IRQHandler                 0x080015c1   Thumb Code    38  isr.o(.text.DMA2_Channel5_IRQHandler)
    EXTI0_IRQHandler                         0x080015e9   Thumb Code    18  isr.o(.text.EXTI0_IRQHandler)
    EXTI15_10_IRQHandler                     0x080015fd   Thumb Code   218  isr.o(.text.EXTI15_10_IRQHandler)
    EXTI1_IRQHandler                         0x080016d9   Thumb Code    18  isr.o(.text.EXTI1_IRQHandler)
    EXTI2_IRQHandler                         0x080016ed   Thumb Code    18  isr.o(.text.EXTI2_IRQHandler)
    EXTI3_IRQHandler                         0x08001701   Thumb Code    18  isr.o(.text.EXTI3_IRQHandler)
    EXTI4_IRQHandler                         0x08001715   Thumb Code    18  isr.o(.text.EXTI4_IRQHandler)
    EXTI9_5_IRQHandler                       0x08001729   Thumb Code   196  isr.o(.text.EXTI9_5_IRQHandler)
    EncoderCount                             0x080017ed   Thumb Code    70  Encoder.o(.text.EncoderCount)
    Encoder_Init                             0x08001835   Thumb Code    32  Initall.o(.text.Encoder_Init)
    FExp                                     0x08001855   Thumb Code   170  QMath.o(.text.FExp)
    FSqrt                                    0x08001901   Thumb Code   112  QMath.o(.text.FSqrt)
    Fabs                                     0x08001971   Thumb Code    48  QMath.o(.text.Fabs)
    Get_Speed                                0x080019a1   Thumb Code    58  Encoder.o(.text.Get_Speed)
    Initall                                  0x080019dd   Thumb Code    76  Initall.o(.text.Initall)
    Inverse_Perspective                      0x08001a29   Thumb Code   146  imagpro.o(.text.Inverse_Perspective)
    LeftBorderTrackingCenter                 0x08001abd   Thumb Code   444  imagpro.o(.text.LeftBorderTrackingCenter)
    LeftLine_SeedGrow_Adaptive               0x08001c79   Thumb Code   814  imagpro.o(.text.LeftLine_SeedGrow_Adaptive)
    MOTOR_PID_Init                           0x08001fa9   Thumb Code    76  Initall.o(.text.MOTOR_PID_Init)
    Motor_Init                               0x08001ff5   Thumb Code    80  Initall.o(.text.Motor_Init)
    Motor_L_Control_Change_Integral          0x08002045   Thumb Code   640  Back_Wheel.o(.text.Motor_L_Control_Change_Integral)
    Motor_L_Init                             0x080022c5   Thumb Code    42  Initall.o(.text.Motor_L_Init)
    Motor_R_Init                             0x080022f1   Thumb Code    42  Initall.o(.text.Motor_R_Init)
    PIT_Init                                 0x0800231d   Thumb Code    54  Initall.o(.text.PIT_Init)
    Points_Blur                              0x08002355   Thumb Code   532  imagpro.o(.text.Points_Blur)
    Points_Resample                          0x08002569   Thumb Code   428  imagpro.o(.text.Points_Resample)
    RightBorderTrackingCenter                0x08002715   Thumb Code   444  imagpro.o(.text.RightBorderTrackingCenter)
    RightLine_SeedGrow_Adaptive              0x080028d1   Thumb Code   814  imagpro.o(.text.RightLine_SeedGrow_Adaptive)
    SEGGER_RTT_ConfigUpBuffer                0x08002c01   Thumb Code   162  SEGGER_RTT.o(.text.SEGGER_RTT_ConfigUpBuffer)
    SystemInit                               0x08002ca5   Thumb Code    16  system_mm32f3277g.o(.text.SystemInit)
    TIM1_UP_IRQHandler                       0x08002cb5   Thumb Code    20  isr.o(.text.TIM1_UP_IRQHandler)
    TIM2_IRQHandler                          0x08002cc9   Thumb Code    18  isr.o(.text.TIM2_IRQHandler)
    TIM3_IRQHandler                          0x08002cdd   Thumb Code    20  isr.o(.text.TIM3_IRQHandler)
    TIM4_IRQHandler                          0x08002cf1   Thumb Code    20  isr.o(.text.TIM4_IRQHandler)
    TIM5_IRQHandler                          0x08002d05   Thumb Code    20  isr.o(.text.TIM5_IRQHandler)
    TIM6_IRQHandler                          0x08002d19   Thumb Code   552  isr.o(.text.TIM6_IRQHandler)
    TIM7_IRQHandler                          0x08002f41   Thumb Code    20  isr.o(.text.TIM7_IRQHandler)
    TIM8_UP_IRQHandler                       0x08002f55   Thumb Code    26  isr.o(.text.TIM8_UP_IRQHandler)
    UART1_IRQHandler                         0x08002f71   Thumb Code    74  isr.o(.text.UART1_IRQHandler)
    UART2_IRQHandler                         0x08002fbd   Thumb Code    74  isr.o(.text.UART2_IRQHandler)
    UART3_IRQHandler                         0x08003009   Thumb Code    80  isr.o(.text.UART3_IRQHandler)
    UART4_IRQHandler                         0x08003059   Thumb Code    74  isr.o(.text.UART4_IRQHandler)
    UART5_IRQHandler                         0x080030a5   Thumb Code    74  isr.o(.text.UART5_IRQHandler)
    UART6_IRQHandler                         0x080030f1   Thumb Code    88  isr.o(.text.UART6_IRQHandler)
    UART7_IRQHandler                         0x08003149   Thumb Code    74  isr.o(.text.UART7_IRQHandler)
    UART8_IRQHandler                         0x08003195   Thumb Code    88  isr.o(.text.UART8_IRQHandler)
    adc_convert                              0x08003371   Thumb Code   150  zf_driver_adc.o(.text.adc_convert)
    afio_init                                0x08003409   Thumb Code   384  zf_driver_gpio.o(.text.afio_init)
    clip                                     0x08003589   Thumb Code    88  QMath.o(.text.clip)
    clock_init                               0x080035e1   Thumb Code    36  zf_common_clock.o(.text.clock_init)
    data_filtering                           0x080038fd   Thumb Code   130  Back_Wheel.o(.text.data_filtering)
    debug_assert_handler                     0x08003981   Thumb Code   108  zf_common_debug.o(.text.debug_assert_handler)
    debug_init                               0x08003a2d   Thumb Code    50  zf_common_debug.o(.text.debug_init)
    debug_output_init                        0x08003e11   Thumb Code    76  zf_common_debug.o(.text.debug_output_init)
    debug_output_struct_init                 0x08003e5d   Thumb Code    48  zf_common_debug.o(.text.debug_output_struct_init)
    encoder_clear_count                      0x08003f91   Thumb Code   144  zf_driver_encoder.o(.text.encoder_clear_count)
    encoder_get_count                        0x08004021   Thumb Code   222  zf_driver_encoder.o(.text.encoder_get_count)
    encoder_quad_init                        0x08004101   Thumb Code   346  zf_driver_encoder.o(.text.encoder_quad_init)
    fifo_clear                               0x0800425d   Thumb Code   168  zf_common_fifo.o(.text.fifo_clear)
    fifo_init                                0x08004365   Thumb Code   110  zf_common_fifo.o(.text.fifo_init)
    fifo_read_buffer                         0x080043d5   Thumb Code   494  zf_common_fifo.o(.text.fifo_read_buffer)
    fifo_used                                0x080045c5   Thumb Code    40  zf_common_fifo.o(.text.fifo_used)
    fifo_write_buffer                        0x080045ed   Thumb Code   506  zf_common_fifo.o(.text.fifo_write_buffer)
    fsmc_ips200_init                         0x080047e9   Thumb Code    90  zf_driver_fsmc.o(.text.fsmc_ips200_init)
    func_get_greatest_common_divisor         0x08004845   Thumb Code    66  zf_common_function.o(.text.func_get_greatest_common_divisor)
    gpio_get_level                           0x08004889   Thumb Code    46  zf_driver_gpio.o(.text.gpio_get_level)
    gpio_init                                0x080048b9   Thumb Code   488  zf_driver_gpio.o(.text.gpio_init)
    gpio_set_level                           0x08004aa1   Thumb Code    98  zf_driver_gpio.o(.text.gpio_set_level)
    gps_uart_callback                        0x08004b05   Thumb Code   310  zf_device_gps_tau1201.o(.text.gps_uart_callback)
    interrupt_disable                        0x08004c3d   Thumb Code    20  zf_common_interrupt.o(.text.interrupt_disable)
    interrupt_enable                         0x08004c51   Thumb Code    20  zf_common_interrupt.o(.text.interrupt_enable)
    interrupt_global_disable                 0x08004c65   Thumb Code    36  zf_common_interrupt.o(.text.interrupt_global_disable)
    interrupt_init                           0x08004c89   Thumb Code    10  zf_common_interrupt.o(.text.interrupt_init)
    interrupt_set_priority                   0x08004c95   Thumb Code    28  zf_common_interrupt.o(.text.interrupt_set_priority)
    ips200_clear                             0x08004cb1   Thumb Code   212  zf_device_ips200.o(.text.ips200_clear)
    ips200_init                              0x08004e11   Thumb Code  1108  zf_device_ips200.o(.text.ips200_init)
    ips200_set_color                         0x08005265   Thumb Code    42  zf_device_ips200.o(.text.ips200_set_color)
    ips200_set_dir                           0x08005291   Thumb Code    90  zf_device_ips200.o(.text.ips200_set_dir)
    ips200_show_char                         0x080053b1   Thumb Code   676  zf_device_ips200.o(.text.ips200_show_char)
    ips200_show_string                       0x08005655   Thumb Code   230  zf_device_ips200.o(.text.ips200_show_string)
    main                                     0x08005885   Thumb Code    68  main.o(.text.main)
    pit_init                                 0x080058c9   Thumb Code   306  zf_driver_pit.o(.text.pit_init)
    pwm_init                                 0x080059fd   Thumb Code   598  zf_driver_pwm.o(.text.pwm_init)
    pwm_set_duty                             0x08005c55   Thumb Code   302  zf_driver_pwm.o(.text.pwm_set_duty)
    set_wireless_type                        0x08005d85   Thumb Code    62  zf_device_type.o(.text.set_wireless_type)
    spi_init                                 0x08005dc5   Thumb Code   870  zf_driver_spi.o(.text.spi_init)
    spi_write_16bit                          0x0800612d   Thumb Code   184  zf_driver_spi.o(.text.spi_write_16bit)
    spi_write_8bit                           0x080061e5   Thumb Code   134  zf_driver_spi.o(.text.spi_write_8bit)
    system_delay                             0x0800626d   Thumb Code   124  zf_driver_delay.o(.text.system_delay)
    timer_clock_enable                       0x080062e9   Thumb Code   182  zf_driver_timer.o(.text.timer_clock_enable)
    timer_funciton_check                     0x080063a1   Thumb Code   104  zf_driver_timer.o(.text.timer_funciton_check)
    tsl1401_collect_pit_handler              0x08006409   Thumb Code   224  zf_device_tsl1401.o(.text.tsl1401_collect_pit_handler)
    uart_init                                0x080064ed   Thumb Code   652  zf_driver_uart.o(.text.uart_init)
    uart_query_byte                          0x08006779   Thumb Code   102  zf_driver_uart.o(.text.uart_query_byte)
    uart_rx_interrupt                        0x080067e1   Thumb Code   160  zf_driver_uart.o(.text.uart_rx_interrupt)
    uart_write_byte                          0x08006881   Thumb Code    64  zf_driver_uart.o(.text.uart_write_byte)
    uart_write_string                        0x080068c1   Thumb Code    64  zf_driver_uart.o(.text.uart_write_string)
    wireless_uart_callback                   0x08006901   Thumb Code    40  zf_device_wireless_uart.o(.text.wireless_uart_callback)
    wireless_uart_init                       0x08006929   Thumb Code   100  zf_device_wireless_uart.o(.text.wireless_uart_init)
    wusuowei                                 0x0800698d   Thumb Code  2108  imagpro.o(.text.wusuowei)
    __0sprintf                               0x080071c9   Thumb Code    34  printfa.o(i.__0sprintf)
    __1sprintf                               0x080071c9   Thumb Code     0  printfa.o(i.__0sprintf)
    __2sprintf                               0x080071c9   Thumb Code     0  printfa.o(i.__0sprintf)
    __c89sprintf                             0x080071c9   Thumb Code     0  printfa.o(i.__0sprintf)
    sprintf                                  0x080071c9   Thumb Code     0  printfa.o(i.__0sprintf)
    __scatterload_copy                       0x080071f1   Thumb Code    14  handlers.o(i.__scatterload_copy)
    __scatterload_null                       0x080071ff   Thumb Code     2  handlers.o(i.__scatterload_null)
    __scatterload_zeroinit                   0x08007201   Thumb Code    14  handlers.o(i.__scatterload_zeroinit)
    EncoderPerMeter                          0x08007b78   Data           8  Encoder.o(.rodata.EncoderPerMeter)
    PixelperMeter                            0x08007b80   Data           4  CameraParams.o(.rodata.PixelperMeter)
    RoadWith                                 0x08007b84   Data           4  imagpro.o(.rodata.RoadWith)
    SampleDist                               0x08007b88   Data           4  imagpro.o(.rodata.SampleDist)
    arr_frontdir                             0x08007b9d   Data           8  imagpro.o(.rodata.arr_frontdir)
    arr_frontleftdir                         0x08007ba5   Data           8  imagpro.o(.rodata.arr_frontleftdir)
    arr_frontrightdir                        0x08007bad   Data           8  imagpro.o(.rodata.arr_frontrightdir)
    ascii_font_6x8                           0x08007bb5   Data         552  zf_common_font.o(.rodata.ascii_font_6x8)
    ascii_font_8x16                          0x08007ddd   Data        1520  zf_common_font.o(.rodata.ascii_font_8x16)
    Region$$Table$$Base                      0x0800875c   Number         0  anon$$obj.o(Region$$Table)
    Region$$Table$$Limit                     0x0800877c   Number         0  anon$$obj.o(Region$$Table)
    Inv_x                                    0x20000000   Data       22560  CameraParams.o(.data.Inv_x)
    Inv_y                                    0x20005820   Data       22560  CameraParams.o(.data.Inv_y)
    camera_dma_handler                       0x2000b04c   Data           4  zf_device_type.o(.data.camera_dma_handler)
    camera_uart_handler                      0x2000b050   Data           4  zf_device_type.o(.data.camera_uart_handler)
    camera_vsync_handler                     0x2000b054   Data           4  zf_device_type.o(.data.camera_vsync_handler)
    gpio_group                               0x2000b060   Data          32  zf_driver_gpio.o(.data.gpio_group)
    system_clock                             0x2000b098   Data           4  zf_common_clock.o(.data.system_clock)
    wireless_module_uart_handler             0x2000b0c4   Data           4  zf_device_type.o(.data.wireless_module_uart_handler)
    Angular_Para                             0x2000b0d8   Data          20  PM_Control.o(.bss.Angular_Para)
    Avg_speed                                0x2000b0ec   Data           4  PM_Control.o(.bss.Avg_speed)
    CenterX                                  0x2000b0f0   Data           4  imagpro.o(.bss.CenterX)
    CenterY                                  0x2000b0f4   Data           4  imagpro.o(.bss.CenterY)
    Correct_speed                            0x2000b0fc   Data           4  PM_Control.o(.bss.Correct_speed)
    Curvature_Para                           0x2000b104   Data          28  PM_Control.o(.bss.Curvature_Para)
    LeftMotor_TotalEncoder                   0x2000b120   Data           8  Encoder.o(.bss.LeftMotor_TotalEncoder)
    MOTOR                                    0x2000b128   Data          64  Back_Wheel.o(.bss.MOTOR)
    Motor_Left                               0x2000b170   Data          60  Back_Wheel.o(.bss.Motor_Left)
    Motor_Right                              0x2000b1ac   Data          60  Back_Wheel.o(.bss.Motor_Right)
    RightMotor_TotalEncoder                  0x2000b1e8   Data           8  Encoder.o(.bss.RightMotor_TotalEncoder)
    _SEGGER_RTT                              0x2000b1f8   Data         168  SEGGER_RTT.o(.bss._SEGGER_RTT)
    encoder_1                                0x2000b6c8   Data           2  Encoder.o(.bss.encoder_1)
    encoder_2                                0x2000b6ca   Data           2  Encoder.o(.bss.encoder_2)
    filter_speed                             0x2000b6cc   Data         120  PM_Control.o(.bss.filter_speed)
    g_Border                                 0x2000b748   Data       26720  data.o(.bss.g_Border)
    g_LineError                              0x20011fa8   Data          88  data.o(.bss.g_LineError)
    g_TrackType                              0x20012000   Data          40  data.o(.bss.g_TrackType)
    g_z_degree                               0x20012028   Data           4  imu.o(.bss.g_z_degree)
    gps_gga_state                            0x200120ac   Data           1  zf_device_gps_tau1201.o(.bss.gps_gga_state)
    gps_rmc_state                            0x2001212d   Data           1  zf_device_gps_tau1201.o(.bss.gps_rmc_state)
    gps_tau1201_flag                         0x2001212e   Data           1  zf_device_gps_tau1201.o(.bss.gps_tau1201_flag)
    mt9v03x_image                            0x20012152   Data       22560  zf_device_mt9v03x.o(.bss.mt9v03x_image)
    normal_speed                             0x20017972   Data           2  PM_Control.o(.bss.normal_speed)
    now_speed                                0x20017974   Data           2  PM_Control.o(.bss.now_speed)
    tsl1401_data                             0x2001797e   Data         512  zf_device_tsl1401.o(.bss.tsl1401_data)
    tsl1401_finish_flag                      0x20017b7e   Data           1  zf_device_tsl1401.o(.bss.tsl1401_finish_flag)
    wireless_type                            0x20017b88   Data           1  zf_device_type.o(.bss.wireless_type)
    __initial_sp                             0x20017fe8   Data           0  startup_mm32f327x_keil.o(STACK)



==============================================================================

Memory Map of the image

  Image Entry point : 0x08000191

  Load Region LR_IROM1 (Base: 0x08000000, Size: 0x00013850, Max: 0x00080000, ABSOLUTE, COMPRESSED[0x0000a070])

    Execution Region ER_IROM1 (Base: 0x08000000, Size: 0x0000877c, Max: 0x00080000, ABSOLUTE)

    Base Addr    Size         Type   Attr      Idx    E Section Name        Object

    0x08000000   0x00000190   Data   RO         1758    RESET               libseekfree.a(startup_mm32f327x_keil.o)
    0x08000190   0x00000000   Code   RO         1639  * .ARM.Collect$$$$00000000  mc_w.l(entry.o)
    0x08000190   0x00000004   Code   RO         1824    .ARM.Collect$$$$00000001  mc_w.l(entry2.o)
    0x08000194   0x00000004   Code   RO         1827    .ARM.Collect$$$$00000004  mc_w.l(entry5.o)
    0x08000198   0x00000000   Code   RO         1829    .ARM.Collect$$$$00000008  mc_w.l(entry7b.o)
    0x08000198   0x00000000   Code   RO         1831    .ARM.Collect$$$$0000000A  mc_w.l(entry8b.o)
    0x08000198   0x00000008   Code   RO         1832    .ARM.Collect$$$$0000000B  mc_w.l(entry9a.o)
    0x080001a0   0x00000000   Code   RO         1834    .ARM.Collect$$$$0000000D  mc_w.l(entry10a.o)
    0x080001a0   0x00000000   Code   RO         1836    .ARM.Collect$$$$0000000F  mc_w.l(entry11a.o)
    0x080001a0   0x00000004   Code   RO         1825    .ARM.Collect$$$$00002712  mc_w.l(entry2.o)
    0x080001a4   0x00000024   Code   RO         1642    .text               mc_w.l(memcpya.o)
    0x080001c8   0x00000024   Code   RO         1644    .text               mc_w.l(memseta.o)
    0x080001ec   0x0000000e   Code   RO         1650    .text               mc_w.l(strlen.o)
    0x080001fa   0x0000001e   Code   RO         1654    .text               mc_w.l(strncmp.o)
    0x08000218   0x000000b0   Code   RO         1704    .text               mf_w.l(fadd.o)
    0x080002c8   0x00000064   Code   RO         1706    .text               mf_w.l(fmul.o)
    0x0800032c   0x0000007c   Code   RO         1708    .text               mf_w.l(fdiv.o)
    0x080003a8   0x0000014e   Code   RO         1710    .text               mf_w.l(dadd.o)
    0x080004f6   0x000000e4   Code   RO         1712    .text               mf_w.l(dmul.o)
    0x080005da   0x000000de   Code   RO         1714    .text               mf_w.l(ddiv.o)
    0x080006b8   0x0000001c   Code   RO         1716    .text               mf_w.l(fcmple.o)
    0x080006d4   0x0000001c   Code   RO         1718    .text               mf_w.l(fcmplt.o)
    0x080006f0   0x0000001c   Code   RO         1720    .text               mf_w.l(fcmpge.o)
    0x0800070c   0x0000001c   Code   RO         1722    .text               mf_w.l(fcmpgt.o)
    0x08000728   0x0000001c   Code   RO         1724    .text               mf_w.l(fcmpeq.o)
    0x08000744   0x00000036   Code   RO         1730    .text               mf_w.l(dcmpge.o)
    0x0800077a   0x00000012   Code   RO         1736    .text               mf_w.l(fflti.o)
    0x0800078c   0x0000000a   Code   RO         1738    .text               mf_w.l(ffltui.o)
    0x08000796   0x00000022   Code   RO         1740    .text               mf_w.l(dflti.o)
    0x080007b8   0x00000028   Code   RO         1744    .text               mf_w.l(dfltl.o)
    0x080007e0   0x00000032   Code   RO         1746    .text               mf_w.l(ffixi.o)
    0x08000812   0x00000026   Code   RO         1752    .text               mf_w.l(f2d.o)
    0x08000838   0x00000038   Code   RO         1754    .text               mf_w.l(d2f.o)
    0x08000870   0x00000024   Code   RO         1759    .text               libseekfree.a(startup_mm32f327x_keil.o)
    0x08000894   0x0000002c   Code   RO         1839    .text               mc_w.l(uidiv.o)
    0x080008c0   0x00000062   Code   RO         1841    .text               mc_w.l(uldiv.o)
    0x08000922   0x0000001e   Code   RO         1843    .text               mc_w.l(llshl.o)
    0x08000940   0x00000020   Code   RO         1845    .text               mc_w.l(llushr.o)
    0x08000960   0x00000024   Code   RO         1847    .text               mc_w.l(llsshr.o)
    0x08000984   0x00000000   Code   RO         1858    .text               mc_w.l(iusefp.o)
    0x08000984   0x0000006e   Code   RO         1859    .text               mf_w.l(fepilogue.o)
    0x080009f2   0x000000ba   Code   RO         1861    .text               mf_w.l(depilogue.o)
    0x08000aac   0x00000030   Code   RO         1867    .text               mf_w.l(dfixul.o)
    0x08000adc   0x00000030   Code   RO         1871    .text               mf_w.l(cdrcmple.o)
    0x08000b0c   0x00000024   Code   RO         1881    .text               mc_w.l(init.o)
    0x08000b30   0x0000005e   Code   RO         1893    .text               mc_w.l(__dclz77c.o)
    0x08000b8e   0x00000002   PAD
    0x08000b90   0x0000020e   Code   RO          150    .text.Angular_Control_PI  PM_Control.o
    0x08000d9e   0x00000002   PAD
    0x08000da0   0x00000030   Code   RO          137    .text.Angular_Para_Init  Initall.o
    0x08000dd0   0x00000082   Code   RO           27    .text.Back_Wheel_Out  Back_Wheel.o
    0x08000e52   0x00000002   PAD
    0x08000e54   0x00000080   Code   RO          282    .text.BorderLineReCoor  imagpro.o
    0x08000ed4   0x000001aa   Code   RO          284    .text.BorderWidth_Calc  imagpro.o
    0x0800107e   0x00000002   PAD
    0x08001080   0x0000027a   Code   RO          146    .text.Control       PM_Control.o
    0x080012fa   0x00000002   PAD
    0x080012fc   0x000000dc   Code   RO          148    .text.Curvature_PD  PM_Control.o
    0x080013d8   0x00000028   Code   RO          135    .text.Curvature_Para_Init  Initall.o
    0x08001400   0x00000018   Code   RO          127    .text.DATA_INIT     Initall.o
    0x08001418   0x00000022   Code   RO          440    .text.DMA1_Channel1_IRQHandler  isr.o
    0x0800143a   0x00000002   PAD
    0x0800143c   0x00000022   Code   RO          442    .text.DMA1_Channel2_IRQHandler  isr.o
    0x0800145e   0x00000002   PAD
    0x08001460   0x00000022   Code   RO          444    .text.DMA1_Channel3_IRQHandler  isr.o
    0x08001482   0x00000002   PAD
    0x08001484   0x00000030   Code   RO          446    .text.DMA1_Channel4_IRQHandler  isr.o
    0x080014b4   0x00000022   Code   RO          448    .text.DMA1_Channel5_IRQHandler  isr.o
    0x080014d6   0x00000002   PAD
    0x080014d8   0x00000022   Code   RO          450    .text.DMA1_Channel6_IRQHandler  isr.o
    0x080014fa   0x00000002   PAD
    0x080014fc   0x00000022   Code   RO          452    .text.DMA1_Channel7_IRQHandler  isr.o
    0x0800151e   0x00000002   PAD
    0x08001520   0x00000026   Code   RO          454    .text.DMA2_Channel1_IRQHandler  isr.o
    0x08001546   0x00000002   PAD
    0x08001548   0x00000026   Code   RO          456    .text.DMA2_Channel2_IRQHandler  isr.o
    0x0800156e   0x00000002   PAD
    0x08001570   0x00000026   Code   RO          458    .text.DMA2_Channel3_IRQHandler  isr.o
    0x08001596   0x00000002   PAD
    0x08001598   0x00000026   Code   RO          460    .text.DMA2_Channel4_IRQHandler  isr.o
    0x080015be   0x00000002   PAD
    0x080015c0   0x00000026   Code   RO          462    .text.DMA2_Channel5_IRQHandler  isr.o
    0x080015e6   0x00000002   PAD
    0x080015e8   0x00000012   Code   RO          426    .text.EXTI0_IRQHandler  isr.o
    0x080015fa   0x00000002   PAD
    0x080015fc   0x000000da   Code   RO          438    .text.EXTI15_10_IRQHandler  isr.o
    0x080016d6   0x00000002   PAD
    0x080016d8   0x00000012   Code   RO          428    .text.EXTI1_IRQHandler  isr.o
    0x080016ea   0x00000002   PAD
    0x080016ec   0x00000012   Code   RO          430    .text.EXTI2_IRQHandler  isr.o
    0x080016fe   0x00000002   PAD
    0x08001700   0x00000012   Code   RO          432    .text.EXTI3_IRQHandler  isr.o
    0x08001712   0x00000002   PAD
    0x08001714   0x00000012   Code   RO          434    .text.EXTI4_IRQHandler  isr.o
    0x08001726   0x00000002   PAD
    0x08001728   0x000000c4   Code   RO          436    .text.EXTI9_5_IRQHandler  isr.o
    0x080017ec   0x00000046   Code   RO           99    .text.EncoderCount  Encoder.o
    0x08001832   0x00000002   PAD
    0x08001834   0x00000020   Code   RO          123    .text.Encoder_Init  Initall.o
    0x08001854   0x000000aa   Code   RO          176    .text.FExp          QMath.o
    0x080018fe   0x00000002   PAD
    0x08001900   0x00000070   Code   RO          174    .text.FSqrt         QMath.o
    0x08001970   0x00000030   Code   RO          190    .text.Fabs          QMath.o
    0x080019a0   0x0000003a   Code   RO           97    .text.Get_Speed     Encoder.o
    0x080019da   0x00000002   PAD
    0x080019dc   0x0000004c   Code   RO          117    .text.Initall       Initall.o
    0x08001a28   0x00000092   Code   RO          286    .text.Inverse_Perspective  imagpro.o
    0x08001aba   0x00000002   PAD
    0x08001abc   0x000001bc   Code   RO          292    .text.LeftBorderTrackingCenter  imagpro.o
    0x08001c78   0x0000032e   Code   RO          278    .text.LeftLine_SeedGrow_Adaptive  imagpro.o
    0x08001fa6   0x00000002   PAD
    0x08001fa8   0x0000004c   Code   RO          133    .text.MOTOR_PID_Init  Initall.o
    0x08001ff4   0x00000050   Code   RO          121    .text.Motor_Init    Initall.o
    0x08002044   0x00000280   Code   RO           11    .text.Motor_L_Control_Change_Integral  Back_Wheel.o
    0x080022c4   0x0000002a   Code   RO          129    .text.Motor_L_Init  Initall.o
    0x080022ee   0x00000002   PAD
    0x080022f0   0x0000002a   Code   RO          131    .text.Motor_R_Init  Initall.o
    0x0800231a   0x00000002   PAD
    0x0800231c   0x00000036   Code   RO          119    .text.PIT_Init      Initall.o
    0x08002352   0x00000002   PAD
    0x08002354   0x00000214   Code   RO          288    .text.Points_Blur   imagpro.o
    0x08002568   0x000001ac   Code   RO          290    .text.Points_Resample  imagpro.o
    0x08002714   0x000001bc   Code   RO          294    .text.RightBorderTrackingCenter  imagpro.o
    0x080028d0   0x0000032e   Code   RO          280    .text.RightLine_SeedGrow_Adaptive  imagpro.o
    0x08002bfe   0x00000002   PAD
    0x08002c00   0x000000a2   Code   RO         1091    .text.SEGGER_RTT_ConfigUpBuffer  librtt.a(SEGGER_RTT.o)
    0x08002ca2   0x00000002   PAD
    0x08002ca4   0x00000010   Code   RO         1874    .text.SystemInit    libseekfree.a(system_mm32f3277g.o)
    0x08002cb4   0x00000014   Code   RO          394    .text.TIM1_UP_IRQHandler  isr.o
    0x08002cc8   0x00000012   Code   RO          396    .text.TIM2_IRQHandler  isr.o
    0x08002cda   0x00000002   PAD
    0x08002cdc   0x00000014   Code   RO          398    .text.TIM3_IRQHandler  isr.o
    0x08002cf0   0x00000014   Code   RO          400    .text.TIM4_IRQHandler  isr.o
    0x08002d04   0x00000014   Code   RO          402    .text.TIM5_IRQHandler  isr.o
    0x08002d18   0x00000228   Code   RO          404    .text.TIM6_IRQHandler  isr.o
    0x08002f40   0x00000014   Code   RO          406    .text.TIM7_IRQHandler  isr.o
    0x08002f54   0x0000001a   Code   RO          408    .text.TIM8_UP_IRQHandler  isr.o
    0x08002f6e   0x00000002   PAD
    0x08002f70   0x0000004a   Code   RO          410    .text.UART1_IRQHandler  isr.o
    0x08002fba   0x00000002   PAD
    0x08002fbc   0x0000004a   Code   RO          412    .text.UART2_IRQHandler  isr.o
    0x08003006   0x00000002   PAD
    0x08003008   0x00000050   Code   RO          414    .text.UART3_IRQHandler  isr.o
    0x08003058   0x0000004a   Code   RO          416    .text.UART4_IRQHandler  isr.o
    0x080030a2   0x00000002   PAD
    0x080030a4   0x0000004a   Code   RO          418    .text.UART5_IRQHandler  isr.o
    0x080030ee   0x00000002   PAD
    0x080030f0   0x00000058   Code   RO          420    .text.UART6_IRQHandler  isr.o
    0x08003148   0x0000004a   Code   RO          422    .text.UART7_IRQHandler  isr.o
    0x08003192   0x00000002   PAD
    0x08003194   0x00000058   Code   RO          424    .text.UART8_IRQHandler  isr.o
    0x080031ec   0x0000009c   Code   RO         1045    .text._DoInit       librtt.a(SEGGER_RTT.o)
    0x08003288   0x00000038   Code   RO          573    .text.__NVIC_DisableIRQ  libseekfree.a(zf_common_interrupt.o)
    0x080032c0   0x00000030   Code   RO          569    .text.__NVIC_EnableIRQ  libseekfree.a(zf_common_interrupt.o)
    0x080032f0   0x00000042   Code   RO          577    .text.__NVIC_SetPriority  libseekfree.a(zf_common_interrupt.o)
    0x08003332   0x00000002   PAD
    0x08003334   0x0000003c   Code   RO          581    .text.__NVIC_SetPriorityGrouping  libseekfree.a(zf_common_interrupt.o)
    0x08003370   0x00000096   Code   RO         1224    .text.adc_convert   libseekfree.a(zf_driver_adc.o)
    0x08003406   0x00000002   PAD
    0x08003408   0x00000180   Code   RO          626    .text.afio_init     libseekfree.a(zf_driver_gpio.o)
    0x08003588   0x00000058   Code   RO          192    .text.clip          QMath.o
    0x080035e0   0x00000024   Code   RO          510    .text.clock_init    libseekfree.a(zf_common_clock.o)
    0x08003604   0x00000098   Code   RO          512    .text.clock_reset   libseekfree.a(zf_common_clock.o)
    0x0800369c   0x00000260   Code   RO          514    .text.clock_set_freq  libseekfree.a(zf_common_clock.o)
    0x080038fc   0x00000082   Code   RO           29    .text.data_filtering  Back_Wheel.o
    0x0800397e   0x00000002   PAD
    0x08003980   0x0000006c   Code   RO          532    .text.debug_assert_handler  libseekfree.a(zf_common_debug.o)
    0x080039ec   0x00000040   Code   RO          538    .text.debug_delay   libseekfree.a(zf_common_debug.o)
    0x08003a2c   0x00000032   Code   RO          546    .text.debug_init    libseekfree.a(zf_common_debug.o)
    0x08003a5e   0x00000002   PAD
    0x08003a60   0x000003ae   Code   RO          536    .text.debug_output  libseekfree.a(zf_common_debug.o)
    0x08003e0e   0x00000002   PAD
    0x08003e10   0x0000004c   Code   RO          544    .text.debug_output_init  libseekfree.a(zf_common_debug.o)
    0x08003e5c   0x00000030   Code   RO          542    .text.debug_output_struct_init  libseekfree.a(zf_common_debug.o)
    0x08003e8c   0x000000f0   Code   RO          534    .text.debug_protective_handler  libseekfree.a(zf_common_debug.o)
    0x08003f7c   0x00000012   Code   RO          548    .text.debug_uart_str_output  libseekfree.a(zf_common_debug.o)
    0x08003f8e   0x00000002   PAD
    0x08003f90   0x00000090   Code   RO          601    .text.encoder_clear_count  libseekfree.a(zf_driver_encoder.o)
    0x08004020   0x000000de   Code   RO          599    .text.encoder_get_count  libseekfree.a(zf_driver_encoder.o)
    0x080040fe   0x00000002   PAD
    0x08004100   0x0000015a   Code   RO          603    .text.encoder_quad_init  libseekfree.a(zf_driver_encoder.o)
    0x0800425a   0x00000002   PAD
    0x0800425c   0x000000a8   Code   RO         1147    .text.fifo_clear    libseekfree.a(zf_common_fifo.o)
    0x08004304   0x0000002e   Code   RO         1159    .text.fifo_end_offset  libseekfree.a(zf_common_fifo.o)
    0x08004332   0x00000002   PAD
    0x08004334   0x0000002e   Code   RO         1153    .text.fifo_head_offset  libseekfree.a(zf_common_fifo.o)
    0x08004362   0x00000002   PAD
    0x08004364   0x0000006e   Code   RO         1165    .text.fifo_init     libseekfree.a(zf_common_fifo.o)
    0x080043d2   0x00000002   PAD
    0x080043d4   0x000001ee   Code   RO         1161    .text.fifo_read_buffer  libseekfree.a(zf_common_fifo.o)
    0x080045c2   0x00000002   PAD
    0x080045c4   0x00000028   Code   RO         1149    .text.fifo_used     libseekfree.a(zf_common_fifo.o)
    0x080045ec   0x000001fa   Code   RO         1155    .text.fifo_write_buffer  libseekfree.a(zf_common_fifo.o)
    0x080047e6   0x00000002   PAD
    0x080047e8   0x0000005a   Code   RO         1255    .text.fsmc_ips200_init  libseekfree.a(zf_driver_fsmc.o)
    0x08004842   0x00000002   PAD
    0x08004844   0x00000042   Code   RO         1185    .text.func_get_greatest_common_divisor  libseekfree.a(zf_common_function.o)
    0x08004886   0x00000002   PAD
    0x08004888   0x0000002e   Code   RO          618    .text.gpio_get_level  libseekfree.a(zf_driver_gpio.o)
    0x080048b6   0x00000002   PAD
    0x080048b8   0x000001e8   Code   RO          624    .text.gpio_init     libseekfree.a(zf_driver_gpio.o)
    0x08004aa0   0x00000062   Code   RO          616    .text.gpio_set_level  libseekfree.a(zf_driver_gpio.o)
    0x08004b02   0x00000002   PAD
    0x08004b04   0x00000136   Code   RO          673    .text.gps_uart_callback  libseekfree.a(zf_device_gps_tau1201.o)
    0x08004c3a   0x00000002   PAD
    0x08004c3c   0x00000014   Code   RO          571    .text.interrupt_disable  libseekfree.a(zf_common_interrupt.o)
    0x08004c50   0x00000014   Code   RO          567    .text.interrupt_enable  libseekfree.a(zf_common_interrupt.o)
    0x08004c64   0x00000024   Code   RO          565    .text.interrupt_global_disable  libseekfree.a(zf_common_interrupt.o)
    0x08004c88   0x0000000a   Code   RO          579    .text.interrupt_init  libseekfree.a(zf_common_interrupt.o)
    0x08004c92   0x00000002   PAD
    0x08004c94   0x0000001c   Code   RO          575    .text.interrupt_set_priority  libseekfree.a(zf_common_interrupt.o)
    0x08004cb0   0x000000d4   Code   RO          751    .text.ips200_clear  libseekfree.a(zf_device_ips200.o)
    0x08004d84   0x0000008a   Code   RO          795    .text.ips200_debug_init  libseekfree.a(zf_device_ips200.o)
    0x08004e0e   0x00000002   PAD
    0x08004e10   0x00000454   Code   RO          789    .text.ips200_init   libseekfree.a(zf_device_ips200.o)
    0x08005264   0x0000002a   Code   RO          763    .text.ips200_set_color  libseekfree.a(zf_device_ips200.o)
    0x0800528e   0x00000002   PAD
    0x08005290   0x0000005a   Code   RO          759    .text.ips200_set_dir  libseekfree.a(zf_device_ips200.o)
    0x080052ea   0x00000002   PAD
    0x080052ec   0x000000c4   Code   RO          753    .text.ips200_set_region  libseekfree.a(zf_device_ips200.o)
    0x080053b0   0x000002a4   Code   RO          769    .text.ips200_show_char  libseekfree.a(zf_device_ips200.o)
    0x08005654   0x000000e6   Code   RO          771    .text.ips200_show_string  libseekfree.a(zf_device_ips200.o)
    0x0800573a   0x00000002   PAD
    0x0800573c   0x0000006e   Code   RO          755    .text.ips200_write_16bit_data  libseekfree.a(zf_device_ips200.o)
    0x080057aa   0x00000002   PAD
    0x080057ac   0x00000050   Code   RO          793    .text.ips200_write_8bit_data  libseekfree.a(zf_device_ips200.o)
    0x080057fc   0x00000070   Code   RO          791    .text.ips200_write_command  libseekfree.a(zf_device_ips200.o)
    0x0800586c   0x00000018   Code   RO          797    .text.ips200_write_data  libseekfree.a(zf_device_ips200.o)
    0x08005884   0x00000044   Code   RO          501    .text.main          main.o
    0x080058c8   0x00000132   Code   RO          640    .text.pit_init      libseekfree.a(zf_driver_pit.o)
    0x080059fa   0x00000002   PAD
    0x080059fc   0x00000256   Code   RO          653    .text.pwm_init      libseekfree.a(zf_driver_pwm.o)
    0x08005c52   0x00000002   PAD
    0x08005c54   0x0000012e   Code   RO          651    .text.pwm_set_duty  libseekfree.a(zf_driver_pwm.o)
    0x08005d82   0x00000002   PAD
    0x08005d84   0x0000003e   Code   RO          868    .text.set_wireless_type  libseekfree.a(zf_device_type.o)
    0x08005dc2   0x00000002   PAD
    0x08005dc4   0x00000366   Code   RO         1361    .text.spi_init      libseekfree.a(zf_driver_spi.o)
    0x0800612a   0x00000002   PAD
    0x0800612c   0x000000b8   Code   RO         1329    .text.spi_write_16bit  libseekfree.a(zf_driver_spi.o)
    0x080061e4   0x00000086   Code   RO         1325    .text.spi_write_8bit  libseekfree.a(zf_driver_spi.o)
    0x0800626a   0x00000002   PAD
    0x0800626c   0x0000007c   Code   RO          591    .text.system_delay  libseekfree.a(zf_driver_delay.o)
    0x080062e8   0x000000b6   Code   RO         1374    .text.timer_clock_enable  libseekfree.a(zf_driver_timer.o)
    0x0800639e   0x00000002   PAD
    0x080063a0   0x00000068   Code   RO         1372    .text.timer_funciton_check  libseekfree.a(zf_driver_timer.o)
    0x08006408   0x000000e0   Code   RO          848    .text.tsl1401_collect_pit_handler  libseekfree.a(zf_device_tsl1401.o)
    0x080064e8   0x00000002   Code   RO          864    .text.type_default_callback  libseekfree.a(zf_device_type.o)
    0x080064ea   0x00000002   PAD
    0x080064ec   0x0000028c   Code   RO         1412    .text.uart_init     libseekfree.a(zf_driver_uart.o)
    0x08006778   0x00000066   Code   RO         1406    .text.uart_query_byte  libseekfree.a(zf_driver_uart.o)
    0x080067de   0x00000002   PAD
    0x080067e0   0x000000a0   Code   RO         1410    .text.uart_rx_interrupt  libseekfree.a(zf_driver_uart.o)
    0x08006880   0x00000040   Code   RO         1398    .text.uart_write_byte  libseekfree.a(zf_driver_uart.o)
    0x080068c0   0x00000040   Code   RO         1402    .text.uart_write_string  libseekfree.a(zf_driver_uart.o)
    0x08006900   0x00000028   Code   RO          893    .text.wireless_uart_callback  libseekfree.a(zf_device_wireless_uart.o)
    0x08006928   0x00000064   Code   RO          895    .text.wireless_uart_init  libseekfree.a(zf_device_wireless_uart.o)
    0x0800698c   0x0000083c   Code   RO          276    .text.wusuowei      imagpro.o
    0x080071c8   0x00000028   Code   RO         1661    i.__0sprintf        mc_w.l(printfa.o)
    0x080071f0   0x0000000e   Code   RO         1887    i.__scatterload_copy  mc_w.l(handlers.o)
    0x080071fe   0x00000002   Code   RO         1888    i.__scatterload_null  mc_w.l(handlers.o)
    0x08007200   0x0000000e   Code   RO         1889    i.__scatterload_zeroinit  mc_w.l(handlers.o)
    0x0800720e   0x00000002   PAD
    0x08007210   0x00000184   Code   RO         1666    i._fp_digits        mc_w.l(printfa.o)
    0x08007394   0x000006dc   Code   RO         1667    i._printf_core      mc_w.l(printfa.o)
    0x08007a70   0x00000024   Code   RO         1668    i._printf_post_padding  mc_w.l(printfa.o)
    0x08007a94   0x0000002e   Code   RO         1669    i._printf_pre_padding  mc_w.l(printfa.o)
    0x08007ac2   0x0000000a   Code   RO         1671    i._sputc            mc_w.l(printfa.o)
    0x08007acc   0x000000ac   Data   RO          555    .rodata..L__const.debug_protective_handler.pin_list  libseekfree.a(zf_common_debug.o)
    0x08007b78   0x00000008   Data   RO          105    .rodata.EncoderPerMeter  Encoder.o
    0x08007b80   0x00000004   Data   RO           63    .rodata.PixelperMeter  CameraParams.o
    0x08007b84   0x00000004   Data   RO          310    .rodata.RoadWith    imagpro.o
    0x08007b88   0x00000004   Data   RO          311    .rodata.SampleDist  imagpro.o
    0x08007b8c   0x00000011   Data   RO         1118    .rodata._DoInit._aInitStr  librtt.a(SEGGER_RTT.o)
    0x08007b9d   0x00000008   Data   RO          319    .rodata.arr_frontdir  imagpro.o
    0x08007ba5   0x00000008   Data   RO          320    .rodata.arr_frontleftdir  imagpro.o
    0x08007bad   0x00000008   Data   RO          321    .rodata.arr_frontrightdir  imagpro.o
    0x08007bb5   0x00000228   Data   RO         1176    .rodata.ascii_font_6x8  libseekfree.a(zf_common_font.o)
    0x08007ddd   0x000005f0   Data   RO         1175    .rodata.ascii_font_8x16  libseekfree.a(zf_common_font.o)
    0x080083cd   0x00000001   PAD
    0x080083ce   0x00000008   Data   RO          326    .rodata.cst4        imagpro.o
    0x080083d6   0x0000005a   Data   RO          552    .rodata.str1.1      libseekfree.a(zf_common_debug.o)
    0x08008430   0x00000074   Data   RO          608    .rodata.str1.1      libseekfree.a(zf_driver_encoder.o)
    0x080084a4   0x00000070   Data   RO          642    .rodata.str1.1      libseekfree.a(zf_driver_pit.o)
    0x08008514   0x00000070   Data   RO          655    .rodata.str1.1      libseekfree.a(zf_driver_pwm.o)
    0x08008584   0x00000008   Data   RO          695    .rodata.str1.1      libseekfree.a(zf_device_gps_tau1201.o)
    0x0800858c   0x00000073   Data   RO          806    .rodata.str1.1      libseekfree.a(zf_device_ips200.o)
    0x080085ff   0x00000009   Data   RO         1119    .rodata.str1.1      librtt.a(SEGGER_RTT.o)
    0x08008608   0x00000071   Data   RO         1167    .rodata.str1.1      libseekfree.a(zf_common_fifo.o)
    0x08008679   0x00000070   Data   RO         1364    .rodata.str1.1      libseekfree.a(zf_driver_spi.o)
    0x080086e9   0x00000071   Data   RO         1415    .rodata.str1.1      libseekfree.a(zf_driver_uart.o)
    0x0800875a   0x00000002   PAD
    0x0800875c   0x00000020   Data   RO         1886    Region$$Table       anon$$obj.o


    Execution Region RW_IRAM1 (Base: 0x20000000, Size: 0x00017fe8, Max: 0x00020000, ABSOLUTE, COMPRESSED[0x000018f0])

    Base Addr    Size         Type   Attr      Idx    E Section Name        Object

    0x20000000   0x00005820   Data   RW           64    .data.Inv_x         CameraParams.o
    0x20005820   0x00005820   Data   RW           65    .data.Inv_y         CameraParams.o
    0x2000b040   0x0000000c   Data   RW         1230    .data.adc_index     libseekfree.a(zf_driver_adc.o)
    0x2000b04c   0x00000004   Data   RW          873    .data.camera_dma_handler  libseekfree.a(zf_device_type.o)
    0x2000b050   0x00000004   Data   RW          871    .data.camera_uart_handler  libseekfree.a(zf_device_type.o)
    0x2000b054   0x00000004   Data   RW          872    .data.camera_vsync_handler  libseekfree.a(zf_device_type.o)
    0x2000b058   0x00000008   Data   RW          607    .data.encoder_dir_pin  libseekfree.a(zf_driver_encoder.o)
    0x2000b060   0x00000020   Data   RW          628    .data.gpio_group    libseekfree.a(zf_driver_gpio.o)
    0x2000b080   0x00000002   Data   RW          802    .data.ips200_bgcolor  libseekfree.a(zf_device_ips200.o)
    0x2000b082   0x00000001   Data   RW          804    .data.ips200_display_font  libseekfree.a(zf_device_ips200.o)
    0x2000b083   0x00000001   PAD
    0x2000b084   0x00000002   Data   RW          805    .data.ips200_pencolor  libseekfree.a(zf_device_ips200.o)
    0x2000b086   0x00000002   Data   RW          800    .data.ips200_x_max  libseekfree.a(zf_device_ips200.o)
    0x2000b088   0x00000002   Data   RW          801    .data.ips200_y_max  libseekfree.a(zf_device_ips200.o)
    0x2000b08a   0x00000001   Data   RW          808    .data.ips_bl_pin    libseekfree.a(zf_device_ips200.o)
    0x2000b08b   0x00000001   Data   RW          807    .data.ips_rst_pin   libseekfree.a(zf_device_ips200.o)
    0x2000b08c   0x0000000c   Data   RW         1363    .data.spi_index     libseekfree.a(zf_driver_spi.o)
    0x2000b098   0x00000004   Data   RW          516    .data.system_clock  libseekfree.a(zf_common_clock.o)
    0x2000b09c   0x00000020   Data   RW         1414    .data.uart_index    libseekfree.a(zf_driver_uart.o)
    0x2000b0bc   0x00000008   Data   RW         1417    .data.uart_irq      libseekfree.a(zf_driver_uart.o)
    0x2000b0c4   0x00000004   Data   RW          875    .data.wireless_module_uart_handler  libseekfree.a(zf_device_type.o)
    0x2000b0c8   0x00000001   Data   RW          550    .data.zf_debug_assert_enable  libseekfree.a(zf_common_debug.o)
    0x2000b0c9   0x00000007   PAD
    0x2000b0d0   0x00000004   Zero   RW          163    .bss.Angular_Control_PI.lasterror  PM_Control.o
    0x2000b0d4   0x00000004   Zero   RW          164    .bss.Angular_Control_PI.preerror  PM_Control.o
    0x2000b0d8   0x00000014   Zero   RW          166    .bss.Angular_Para   PM_Control.o
    0x2000b0ec   0x00000004   Zero   RW          160    .bss.Avg_speed      PM_Control.o
    0x2000b0f0   0x00000004   Zero   RW          327    .bss.CenterX        imagpro.o
    0x2000b0f4   0x00000004   Zero   RW          328    .bss.CenterY        imagpro.o
    0x2000b0f8   0x00000004   Zero   RW          157    .bss.Control.Img_LastError  PM_Control.o
    0x2000b0fc   0x00000004   Zero   RW          165    .bss.Correct_speed  PM_Control.o
    0x2000b100   0x00000004   Zero   RW          162    .bss.Curvature_PD.lasterror  PM_Control.o
    0x2000b104   0x0000001c   Zero   RW          161    .bss.Curvature_Para  PM_Control.o
    0x2000b120   0x00000008   Zero   RW          106    .bss.LeftMotor_TotalEncoder  Encoder.o
    0x2000b128   0x00000040   Zero   RW           54    .bss.MOTOR          Back_Wheel.o
    0x2000b168   0x00000004   Zero   RW           35    .bss.Motor_L_Control_Change_Integral.lasterror  Back_Wheel.o
    0x2000b16c   0x00000004   Zero   RW           36    .bss.Motor_L_Control_Change_Integral.preerror  Back_Wheel.o
    0x2000b170   0x0000003c   Zero   RW           52    .bss.Motor_Left     Back_Wheel.o
    0x2000b1ac   0x0000003c   Zero   RW           53    .bss.Motor_Right    Back_Wheel.o
    0x2000b1e8   0x00000008   Zero   RW          107    .bss.RightMotor_TotalEncoder  Encoder.o
    0x2000b1f0   0x00000002   Zero   RW          464    .bss.TIM6_IRQHandler.control_num  isr.o
    0x2000b1f2   0x00000002   Zero   RW          466    .bss.TIM6_IRQHandler.speed_control_num  isr.o
    0x2000b1f4   0x00000002   Zero   RW          465    .bss.TIM6_IRQHandler.turn_control_num  isr.o
    0x2000b1f6   0x00000002   PAD
    0x2000b1f8   0x000000a8   Zero   RW         1115    .bss._SEGGER_RTT    librtt.a(SEGGER_RTT.o)
    0x2000b2a0   0x00000010   Zero   RW         1121    .bss._acDownBuffer  librtt.a(SEGGER_RTT.o)
    0x2000b2b0   0x00000400   Zero   RW         1120    .bss._acUpBuffer    librtt.a(SEGGER_RTT.o)
    0x2000b6b0   0x00000003   Zero   RW         1231    .bss.adc_resolution  libseekfree.a(zf_driver_adc.o)
    0x2000b6b3   0x00000001   Zero   RW          551    .bss.debug_assert_handler.assert_nest_index  libseekfree.a(zf_common_debug.o)
    0x2000b6b4   0x00000014   Zero   RW          554    .bss.debug_output_info  libseekfree.a(zf_common_debug.o)
    0x2000b6c8   0x00000002   Zero   RW          103    .bss.encoder_1      Encoder.o
    0x2000b6ca   0x00000002   Zero   RW          104    .bss.encoder_2      Encoder.o
    0x2000b6cc   0x00000078   Zero   RW          152    .bss.filter_speed   PM_Control.o
    0x2000b744   0x00000004   PAD
    0x2000b748   0x00006860   Zero   RW          255    .bss.g_Border       data.o
    0x20011fa8   0x00000058   Zero   RW          254    .bss.g_LineError    data.o
    0x20012000   0x00000028   Zero   RW          256    .bss.g_TrackType    data.o
    0x20012028   0x00000004   Zero   RW          355    .bss.g_z_degree     imu.o
    0x2001202c   0x00000080   Zero   RW          692    .bss.gps_gga_buffer  libseekfree.a(zf_device_gps_tau1201.o)
    0x200120ac   0x00000001   Zero   RW          691    .bss.gps_gga_state  libseekfree.a(zf_device_gps_tau1201.o)
    0x200120ad   0x00000080   Zero   RW          689    .bss.gps_rmc_buffer  libseekfree.a(zf_device_gps_tau1201.o)
    0x2001212d   0x00000001   Zero   RW          688    .bss.gps_rmc_state  libseekfree.a(zf_device_gps_tau1201.o)
    0x2001212e   0x00000001   Zero   RW          696    .bss.gps_tau1201_flag  libseekfree.a(zf_device_gps_tau1201.o)
    0x2001212f   0x00000001   PAD
    0x20012130   0x00000018   Zero   RW          694    .bss.gps_tau1201_receiver_fifo  libseekfree.a(zf_device_gps_tau1201.o)
    0x20012148   0x00000001   Zero   RW          693    .bss.gps_tau1201_state  libseekfree.a(zf_device_gps_tau1201.o)
    0x20012149   0x00000003   PAD
    0x2001214c   0x00000004   Zero   RW          583    .bss.interrupt_nest_count  libseekfree.a(zf_common_interrupt.o)
    0x20012150   0x00000001   Zero   RW          803    .bss.ips200_display_dir  libseekfree.a(zf_device_ips200.o)
    0x20012151   0x00000001   Zero   RW          799    .bss.ips200_display_type  libseekfree.a(zf_device_ips200.o)
    0x20012152   0x00005820   Zero   RW          840    .bss.mt9v03x_image  libseekfree.a(zf_device_mt9v03x.o)
    0x20017972   0x00000002   Zero   RW          159    .bss.normal_speed   PM_Control.o
    0x20017974   0x00000002   Zero   RW          158    .bss.now_speed      PM_Control.o
    0x20017976   0x00000008   Zero   RW         1388    .bss.timer_function_state  libseekfree.a(zf_driver_timer.o)
    0x2001797e   0x00000200   Zero   RW          855    .bss.tsl1401_data   libseekfree.a(zf_device_tsl1401.o)
    0x20017b7e   0x00000001   Zero   RW          856    .bss.tsl1401_finish_flag  libseekfree.a(zf_device_tsl1401.o)
    0x20017b7f   0x00000001   Zero   RW          854    .bss.tsl1401_init_state  libseekfree.a(zf_device_tsl1401.o)
    0x20017b80   0x00000008   Zero   RW         1416    .bss.uart_interrupt_state  libseekfree.a(zf_driver_uart.o)
    0x20017b88   0x00000001   Zero   RW          874    .bss.wireless_type  libseekfree.a(zf_device_type.o)
    0x20017b89   0x00000040   Zero   RW          900    .bss.wireless_uart_buffer  libseekfree.a(zf_device_wireless_uart.o)
    0x20017bc9   0x00000001   Zero   RW          899    .bss.wireless_uart_data  libseekfree.a(zf_device_wireless_uart.o)
    0x20017bca   0x00000002   PAD
    0x20017bcc   0x00000018   Zero   RW          898    .bss.wireless_uart_fifo  libseekfree.a(zf_device_wireless_uart.o)
    0x20017be4   0x00000001   Zero   RW          553    .bss.zf_debug_init_flag  libseekfree.a(zf_common_debug.o)
    0x20017be5   0x00000003   PAD
    0x20017be8   0x00000400   Zero   RW         1756    STACK               libseekfree.a(startup_mm32f327x_keil.o)


==============================================================================

Image component sizes


      Code (inc. data)   RO Data    RW Data    ZI Data      Debug   Object Name

       900          0          0          0        192       9813   Back_Wheel.o
         0          0          4      45120          0        635   CameraParams.o
       128          0          8          0         20       1292   Encoder.o
       514          0          0          0          0       6676   Initall.o
      1380          0          0          0        196       2804   PM_Control.o
       418          0          0          0          0       8194   QMath.o
         0          0          0          0      26848       6192   data.o
      6284          0         40          0          8      26524   imagpro.o
         0          0          0          0          4       2531   imu.o
      2268          0          0          0          6       6937   isr.o
        68          0          0          0          0        653   main.o

    ----------------------------------------------------------------------
     12036          0         84      45120      27280      72251   Object Totals
         0          0         32          0          0          0   (incl. Generated)
        76          0          0          0          6          0   (incl. Padding)

    ----------------------------------------------------------------------

      Code (inc. data)   RO Data    RW Data    ZI Data      Debug   Library Member Name

       318          0         26          0       1208      13147   SEGGER_RTT.o
        36          8        400          0       1024       1012   startup_mm32f327x_keil.o
        16          0          0          0          0        574   system_mm32f3277g.o
       796          0          0          4          0       3128   zf_common_clock.o
      1546          0        262          1         22       8470   zf_common_debug.o
      1410          0        113          0          0       5433   zf_common_fifo.o
         0          0       2072          0          0        891   zf_common_font.o
        66          0          0          0          0       7705   zf_common_function.o
       344          0          0          0          4       4932   zf_common_interrupt.o
       310          0          8          0        284       8333   zf_device_gps_tau1201.o
      3018          0        115         11          2      13296   zf_device_ips200.o
         0          0          0          0      22560       7265   zf_device_mt9v03x.o
       224          0          0          0        514       4448   zf_device_tsl1401.o
        64          0          0         16          1       1677   zf_device_type.o
       140          0          0          0         89       5282   zf_device_wireless_uart.o
       150          0          0         12          3       5628   zf_driver_adc.o
       124          0          0          0          0       1249   zf_driver_delay.o
       712         24        116          8          0       6557   zf_driver_encoder.o
        90          0          0          0          0       1670   zf_driver_fsmc.o
      1016          0          0         32          0       5440   zf_driver_gpio.o
       306          8        112          0          0       5341   zf_driver_pit.o
       900         16        112          0          0       5938   zf_driver_pwm.o
      1188          4        112         12          0       9607   zf_driver_spi.o
       286          8          0          0          8       8007   zf_driver_timer.o
      1042          8        113         40          8       8067   zf_driver_uart.o
        94          0          0          0          0          0   __dclz77c.o
         0          0          0          0          0          0   entry.o
         0          0          0          0          0          0   entry10a.o
         0          0          0          0          0          0   entry11a.o
         8          4          0          0          0          0   entry2.o
         4          0          0          0          0          0   entry5.o
         0          0          0          0          0          0   entry7b.o
         0          0          0          0          0          0   entry8b.o
         8          4          0          0          0          0   entry9a.o
        30          0          0          0          0          0   handlers.o
        36          8          0          0          0         68   init.o
         0          0          0          0          0          0   iusefp.o
        30          0          0          0          0         68   llshl.o
        36          0          0          0          0         68   llsshr.o
        32          0          0          0          0         68   llushr.o
        36          0          0          0          0         68   memcpya.o
        36          0          0          0          0        108   memseta.o
      2276         86          0          0          0        520   printfa.o
        14          0          0          0          0         68   strlen.o
        30          0          0          0          0         80   strncmp.o
        44          0          0          0          0         80   uidiv.o
        98          0          0          0          0         92   uldiv.o
        48          0          0          0          0         68   cdrcmple.o
        56          0          0          0          0         88   d2f.o
       334          0          0          0          0        148   dadd.o
        54          0          0          0          0         80   dcmpge.o
       222          0          0          0          0        100   ddiv.o
       186          0          0          0          0        176   depilogue.o
        48          0          0          0          0         68   dfixul.o
        34          0          0          0          0         76   dflti.o
        40          0          0          0          0         80   dfltl.o
       228          0          0          0          0         96   dmul.o
        38          0          0          0          0         68   f2d.o
       176          0          0          0          0        140   fadd.o
        28          0          0          0          0         68   fcmpeq.o
        28          0          0          0          0         68   fcmpge.o
        28          0          0          0          0         68   fcmpgt.o
        28          0          0          0          0         68   fcmple.o
        28          0          0          0          0         68   fcmplt.o
       124          0          0          0          0         88   fdiv.o
       110          0          0          0          0        168   fepilogue.o
        50          0          0          0          0         68   ffixi.o
        18          0          0          0          0         68   fflti.o
        10          0          0          0          0         68   ffltui.o
       100          0          0          0          0         76   fmul.o

    ----------------------------------------------------------------------
     19000        178       3564        140      25740     146449   Library Totals
        70          0          3          4         13          0   (incl. Padding)

    ----------------------------------------------------------------------

      Code (inc. data)   RO Data    RW Data    ZI Data      Debug   Library Name

       318          0         26          0       1208      13147   librtt.a
     13784         76       3535        136      24519     129950   libseekfree.a
      2812        102          0          0          0       1288   mc_w.l
      2016          0          0          0          0       2064   mf_w.l

    ----------------------------------------------------------------------
     19000        178       3564        140      25740     146449   Library Totals

    ----------------------------------------------------------------------

==============================================================================


      Code (inc. data)   RO Data    RW Data    ZI Data      Debug   

     31036        178       3648      45260      53020     216480   Grand Totals
     31036        178       3648       6384      53020     216480   ELF Image Totals (compressed)
     31036        178       3648       6384          0          0   ROM Totals

==============================================================================

    Total RO  Size (Code + RO Data)                34684 (  33.87kB)
    Total RW  Size (RW Data + ZI Data)             98280 (  95.98kB)
    Total ROM Size (Code + RO Data + RW Data)      41068 (  40.11kB)

==============================================================================

